<?xml version="1.0" encoding="ISO-8859-1" ?>
<link_info>
   <banner>TI ARM Linker PC v20.2.5.LTS</banner>
   <copyright>Copyright (c) 1996-2018 Texas Instruments Incorporated</copyright>
   <link_time>0x648ea829</link_time>
   <link_errors>0x0</link_errors>
   <output_file>three_phase_rectification.out</output_file>
   <entry_point>
      <name>_c_int00_noargs</name>
      <address>0x332d</address>
   </entry_point>
   <input_file_list>
      <input_file id="fl-2">
         <path>.\</path>
         <kind>object</kind>
         <file>main.obj</file>
         <name>main.obj</name>
      </input_file>
      <input_file id="fl-4">
         <path>.\common_tools\</path>
         <kind>object</kind>
         <file>ADS8688_TIVA_FPGA.obj</file>
         <name>ADS8688_TIVA_FPGA.obj</name>
      </input_file>
      <input_file id="fl-5">
         <path>.\common_tools\</path>
         <kind>object</kind>
         <file>IQ_TOOLS.obj</file>
         <name>IQ_TOOLS.obj</name>
      </input_file>
      <input_file id="fl-6">
         <path>.\common_tools\</path>
         <kind>object</kind>
         <file>LCD12864_rom_enable.obj</file>
         <name>LCD12864_rom_enable.obj</name>
      </input_file>
      <input_file id="fl-7">
         <path>.\common_tools\</path>
         <kind>object</kind>
         <file>Txiang_utools.obj</file>
         <name>Txiang_utools.obj</name>
      </input_file>
      <input_file id="fl-8">
         <path>.\common_tools\</path>
         <kind>object</kind>
         <file>blue.obj</file>
         <name>blue.obj</name>
      </input_file>
      <input_file id="fl-9">
         <path>.\common_tools\</path>
         <kind>object</kind>
         <file>bus_fpga.obj</file>
         <name>bus_fpga.obj</name>
      </input_file>
      <input_file id="fl-a">
         <path>.\common_tools\</path>
         <kind>object</kind>
         <file>uartstdio.obj</file>
         <name>uartstdio.obj</name>
      </input_file>
      <input_file id="fl-cd">
         <path>C:\ti\ccs1110\ccs\tools\compiler\ti-cgt-arm_20.2.5.LTS\lib\</path>
         <kind>archive</kind>
         <file>rtsv7M4_T_le_v4SPD16_eabi.lib</file>
         <name>e_sqrt.c.obj</name>
      </input_file>
      <input_file id="fl-da">
         <path>C:\ti\ccs1110\ccs\tools\compiler\ti-cgt-arm_20.2.5.LTS\lib\</path>
         <kind>archive</kind>
         <file>rtsv7M4_T_le_v4SPD16_eabi.lib</file>
         <name>copy_zero_init.c.obj</name>
      </input_file>
      <input_file id="fl-db">
         <path>C:\ti\ccs1110\ccs\tools\compiler\ti-cgt-arm_20.2.5.LTS\lib\</path>
         <kind>archive</kind>
         <file>rtsv7M4_T_le_v4SPD16_eabi.lib</file>
         <name>copy_decompress_none.c.obj</name>
      </input_file>
      <input_file id="fl-dc">
         <path>C:\ti\ccs1110\ccs\tools\compiler\ti-cgt-arm_20.2.5.LTS\lib\</path>
         <kind>archive</kind>
         <file>rtsv7M4_T_le_v4SPD16_eabi.lib</file>
         <name>copy_decompress_lzss.c.obj</name>
      </input_file>
      <input_file id="fl-dd">
         <path>C:\ti\ccs1110\ccs\tools\compiler\ti-cgt-arm_20.2.5.LTS\lib\</path>
         <kind>archive</kind>
         <file>rtsv7M4_T_le_v4SPD16_eabi.lib</file>
         <name>memory.c.obj</name>
      </input_file>
      <input_file id="fl-e3">
         <path>C:\ti\ccs1110\ccs\tools\compiler\ti-cgt-arm_20.2.5.LTS\lib\</path>
         <kind>archive</kind>
         <file>rtsv7M4_T_le_v4SPD16_eabi.lib</file>
         <name>pre_init.c.obj</name>
      </input_file>
      <input_file id="fl-e4">
         <path>C:\ti\ccs1110\ccs\tools\compiler\ti-cgt-arm_20.2.5.LTS\lib\</path>
         <kind>archive</kind>
         <file>rtsv7M4_T_le_v4SPD16_eabi.lib</file>
         <name>cpy_tbl.c.obj</name>
      </input_file>
      <input_file id="fl-e6">
         <path>C:\ti\ccs1110\ccs\tools\compiler\ti-cgt-arm_20.2.5.LTS\lib\</path>
         <kind>archive</kind>
         <file>rtsv7M4_T_le_v4SPD16_eabi.lib</file>
         <name>_lock.c.obj</name>
      </input_file>
      <input_file id="fl-f0">
         <path>C:\Users\ZHUTIA~1\AppData\Local\Temp\</path>
         <kind>object</kind>
         <file>{A9BEBE28-756E-47F4-ADBF-39883FA02053}</file>
         <name>{A9BEBE28-756E-47F4-ADBF-39883FA02053}</name>
      </input_file>
      <input_file id="fl-3">
         <path>.\</path>
         <kind>object</kind>
         <file>tm4c123gh6pz_startup_ccs.obj</file>
         <name>tm4c123gh6pz_startup_ccs.obj</name>
      </input_file>
      <input_file id="fl-13">
         <kind>object</kind>
         <file>&lt;internal&gt;</file>
         <name>&lt;internal&gt;</name>
      </input_file>
      <input_file id="fl-14">
         <path>..\IQmath\ccs\IQmathLib\Debug\</path>
         <kind>archive</kind>
         <file>IQmathLib.lib</file>
         <name>IQNdiv.obj</name>
      </input_file>
      <input_file id="fl-15">
         <path>..\IQmath\ccs\IQmathLib\Debug\</path>
         <kind>archive</kind>
         <file>IQmathLib.lib</file>
         <name>IQNmpy.obj</name>
      </input_file>
      <input_file id="fl-16">
         <path>..\IQmath\ccs\IQmathLib\Debug\</path>
         <kind>archive</kind>
         <file>IQmathLib.lib</file>
         <name>IQNsqrt.obj</name>
      </input_file>
      <input_file id="fl-17">
         <path>..\IQmath\ccs\IQmathLib\Debug\</path>
         <kind>archive</kind>
         <file>IQmathLib.lib</file>
         <name>IQtables.obj</name>
      </input_file>
      <input_file id="fl-ce">
         <path>C:\ti\ccs1110\ccs\tools\compiler\ti-cgt-arm_20.2.5.LTS\lib\</path>
         <kind>archive</kind>
         <file>rtsv7M4_T_le_v4SPD16_eabi.lib</file>
         <name>fd_add_t2.asm.obj</name>
      </input_file>
      <input_file id="fl-cf">
         <path>C:\ti\ccs1110\ccs\tools\compiler\ti-cgt-arm_20.2.5.LTS\lib\</path>
         <kind>archive</kind>
         <file>rtsv7M4_T_le_v4SPD16_eabi.lib</file>
         <name>fd_div_t2.asm.obj</name>
      </input_file>
      <input_file id="fl-d0">
         <path>C:\ti\ccs1110\ccs\tools\compiler\ti-cgt-arm_20.2.5.LTS\lib\</path>
         <kind>archive</kind>
         <file>rtsv7M4_T_le_v4SPD16_eabi.lib</file>
         <name>fd_mul_t2.asm.obj</name>
      </input_file>
      <input_file id="fl-d1">
         <path>C:\ti\ccs1110\ccs\tools\compiler\ti-cgt-arm_20.2.5.LTS\lib\</path>
         <kind>archive</kind>
         <file>rtsv7M4_T_le_v4SPD16_eabi.lib</file>
         <name>fd_toi_t2.asm.obj</name>
      </input_file>
      <input_file id="fl-d2">
         <path>C:\ti\ccs1110\ccs\tools\compiler\ti-cgt-arm_20.2.5.LTS\lib\</path>
         <kind>archive</kind>
         <file>rtsv7M4_T_le_v4SPD16_eabi.lib</file>
         <name>fd_tou_t2.asm.obj</name>
      </input_file>
      <input_file id="fl-d3">
         <path>C:\ti\ccs1110\ccs\tools\compiler\ti-cgt-arm_20.2.5.LTS\lib\</path>
         <kind>archive</kind>
         <file>rtsv7M4_T_le_v4SPD16_eabi.lib</file>
         <name>fs_tod_t2.asm.obj</name>
      </input_file>
      <input_file id="fl-d4">
         <path>C:\ti\ccs1110\ccs\tools\compiler\ti-cgt-arm_20.2.5.LTS\lib\</path>
         <kind>archive</kind>
         <file>rtsv7M4_T_le_v4SPD16_eabi.lib</file>
         <name>i_tofd_t2.asm.obj</name>
      </input_file>
      <input_file id="fl-d5">
         <path>C:\ti\ccs1110\ccs\tools\compiler\ti-cgt-arm_20.2.5.LTS\lib\</path>
         <kind>archive</kind>
         <file>rtsv7M4_T_le_v4SPD16_eabi.lib</file>
         <name>ll_tofd_t2.asm.obj</name>
      </input_file>
      <input_file id="fl-d6">
         <path>C:\ti\ccs1110\ccs\tools\compiler\ti-cgt-arm_20.2.5.LTS\lib\</path>
         <kind>archive</kind>
         <file>rtsv7M4_T_le_v4SPD16_eabi.lib</file>
         <name>u_tofd_t2.asm.obj</name>
      </input_file>
      <input_file id="fl-d7">
         <path>C:\ti\ccs1110\ccs\tools\compiler\ti-cgt-arm_20.2.5.LTS\lib\</path>
         <kind>archive</kind>
         <file>rtsv7M4_T_le_v4SPD16_eabi.lib</file>
         <name>ull_tofs_t2.asm.obj</name>
      </input_file>
      <input_file id="fl-d8">
         <path>C:\ti\ccs1110\ccs\tools\compiler\ti-cgt-arm_20.2.5.LTS\lib\</path>
         <kind>archive</kind>
         <file>rtsv7M4_T_le_v4SPD16_eabi.lib</file>
         <name>u_divt2.asm.obj</name>
      </input_file>
      <input_file id="fl-d9">
         <path>C:\ti\ccs1110\ccs\tools\compiler\ti-cgt-arm_20.2.5.LTS\lib\</path>
         <kind>archive</kind>
         <file>rtsv7M4_T_le_v4SPD16_eabi.lib</file>
         <name>memset_t2.asm.obj</name>
      </input_file>
      <input_file id="fl-de">
         <path>C:\ti\ccs1110\ccs\tools\compiler\ti-cgt-arm_20.2.5.LTS\lib\</path>
         <kind>archive</kind>
         <file>rtsv7M4_T_le_v4SPD16_eabi.lib</file>
         <name>errno.c.obj</name>
      </input_file>
      <input_file id="fl-df">
         <path>C:\ti\ccs1110\ccs\tools\compiler\ti-cgt-arm_20.2.5.LTS\lib\</path>
         <kind>archive</kind>
         <file>rtsv7M4_T_le_v4SPD16_eabi.lib</file>
         <name>boot_cortex_m.c.obj</name>
      </input_file>
      <input_file id="fl-e0">
         <path>C:\ti\ccs1110\ccs\tools\compiler\ti-cgt-arm_20.2.5.LTS\lib\</path>
         <kind>archive</kind>
         <file>rtsv7M4_T_le_v4SPD16_eabi.lib</file>
         <name>div0.asm.obj</name>
      </input_file>
      <input_file id="fl-e1">
         <path>C:\ti\ccs1110\ccs\tools\compiler\ti-cgt-arm_20.2.5.LTS\lib\</path>
         <kind>archive</kind>
         <file>rtsv7M4_T_le_v4SPD16_eabi.lib</file>
         <name>memcpy_t2.asm.obj</name>
      </input_file>
      <input_file id="fl-e2">
         <path>C:\ti\ccs1110\ccs\tools\compiler\ti-cgt-arm_20.2.5.LTS\lib\</path>
         <kind>archive</kind>
         <file>rtsv7M4_T_le_v4SPD16_eabi.lib</file>
         <name>autoinit.c.obj</name>
      </input_file>
      <input_file id="fl-e5">
         <path>C:\ti\ccs1110\ccs\tools\compiler\ti-cgt-arm_20.2.5.LTS\lib\</path>
         <kind>archive</kind>
         <file>rtsv7M4_T_le_v4SPD16_eabi.lib</file>
         <name>exit.c.obj</name>
      </input_file>
      <input_file id="fl-e7">
         <path>C:\ti\ccs1110\ccs\tools\compiler\ti-cgt-arm_20.2.5.LTS\lib\</path>
         <kind>archive</kind>
         <file>rtsv7M4_T_le_v4SPD16_eabi.lib</file>
         <name>args_main.c.obj</name>
      </input_file>
      <input_file id="fl-e8">
         <path>C:\ti\TivaWare_C_Series-2.2.0.295\driverlib\ccs\Debug\</path>
         <kind>archive</kind>
         <file>driverlib.lib</file>
         <name>flash.obj</name>
      </input_file>
      <input_file id="fl-e9">
         <path>C:\ti\TivaWare_C_Series-2.2.0.295\driverlib\ccs\Debug\</path>
         <kind>archive</kind>
         <file>driverlib.lib</file>
         <name>fpu.obj</name>
      </input_file>
      <input_file id="fl-ea">
         <path>C:\ti\TivaWare_C_Series-2.2.0.295\driverlib\ccs\Debug\</path>
         <kind>archive</kind>
         <file>driverlib.lib</file>
         <name>gpio.obj</name>
      </input_file>
      <input_file id="fl-eb">
         <path>C:\ti\TivaWare_C_Series-2.2.0.295\driverlib\ccs\Debug\</path>
         <kind>archive</kind>
         <file>driverlib.lib</file>
         <name>interrupt.obj</name>
      </input_file>
      <input_file id="fl-ec">
         <path>C:\ti\TivaWare_C_Series-2.2.0.295\driverlib\ccs\Debug\</path>
         <kind>archive</kind>
         <file>driverlib.lib</file>
         <name>sysctl.obj</name>
      </input_file>
      <input_file id="fl-ed">
         <path>C:\ti\TivaWare_C_Series-2.2.0.295\driverlib\ccs\Debug\</path>
         <kind>archive</kind>
         <file>driverlib.lib</file>
         <name>timer.obj</name>
      </input_file>
      <input_file id="fl-ee">
         <path>C:\ti\TivaWare_C_Series-2.2.0.295\driverlib\ccs\Debug\</path>
         <kind>archive</kind>
         <file>driverlib.lib</file>
         <name>uart.obj</name>
      </input_file>
      <input_file id="fl-ef">
         <path>C:\ti\TivaWare_C_Series-2.2.0.295\driverlib\ccs\Debug\</path>
         <kind>archive</kind>
         <file>driverlib.lib</file>
         <name>cpu.obj</name>
      </input_file>
   </input_file_list>
   <object_component_list>
      <object_component id="oc-12">
         <name>.intvecs</name>
         <load_address>0x0</load_address>
         <run_address>0x0</run_address>
         <size>0x26c</size>
         <input_file_ref idref="fl-3"/>
      </object_component>
      <object_component id="oc-c8">
         <name>.text</name>
         <load_address>0x270</load_address>
         <run_address>0x270</run_address>
         <size>0x1626</size>
         <input_file_ref idref="fl-2"/>
      </object_component>
      <object_component id="oc-1d3">
         <name>.text:isqrt_table</name>
         <load_address>0x1898</load_address>
         <run_address>0x1898</run_address>
         <size>0x800</size>
         <input_file_ref idref="fl-17"/>
      </object_component>
      <object_component id="oc-12f">
         <name>.text</name>
         <load_address>0x2098</load_address>
         <run_address>0x2098</run_address>
         <size>0x4fc</size>
         <input_file_ref idref="fl-6"/>
      </object_component>
      <object_component id="oc-1f3">
         <name>.text</name>
         <load_address>0x2594</load_address>
         <run_address>0x2594</run_address>
         <size>0x1b6</size>
         <input_file_ref idref="fl-ce"/>
      </object_component>
      <object_component id="oc-209">
         <name>.text:GPIOPadConfigSet</name>
         <load_address>0x274c</load_address>
         <run_address>0x274c</run_address>
         <size>0x16c</size>
         <input_file_ref idref="fl-ea"/>
      </object_component>
      <object_component id="oc-106">
         <name>.text</name>
         <load_address>0x28b8</load_address>
         <run_address>0x28b8</run_address>
         <size>0x13a</size>
         <input_file_ref idref="fl-9"/>
      </object_component>
      <object_component id="oc-141">
         <name>.text:SysCtlClockGet</name>
         <load_address>0x29f4</load_address>
         <run_address>0x29f4</run_address>
         <size>0x118</size>
         <input_file_ref idref="fl-ec"/>
      </object_component>
      <object_component id="oc-129">
         <name>.text:SysCtlClockSet</name>
         <load_address>0x2b0c</load_address>
         <run_address>0x2b0c</run_address>
         <size>0xf4</size>
         <input_file_ref idref="fl-ec"/>
      </object_component>
      <object_component id="oc-3e">
         <name>.text</name>
         <load_address>0x2c00</load_address>
         <run_address>0x2c00</run_address>
         <size>0x9c</size>
         <input_file_ref idref="fl-e1"/>
      </object_component>
      <object_component id="oc-112">
         <name>.text:_IQ15div</name>
         <load_address>0x2c9c</load_address>
         <run_address>0x2c9c</run_address>
         <size>0x90</size>
         <input_file_ref idref="fl-14"/>
      </object_component>
      <object_component id="oc-101">
         <name>.text:_IQ20div</name>
         <load_address>0x2d2c</load_address>
         <run_address>0x2d2c</run_address>
         <size>0x90</size>
         <input_file_ref idref="fl-14"/>
      </object_component>
      <object_component id="oc-bc">
         <name>.text</name>
         <load_address>0x2dbc</load_address>
         <run_address>0x2dbc</run_address>
         <size>0x7a</size>
         <input_file_ref idref="fl-d9"/>
      </object_component>
      <object_component id="oc-ee">
         <name>.text</name>
         <load_address>0x2e38</load_address>
         <run_address>0x2e38</run_address>
         <size>0x70</size>
         <input_file_ref idref="fl-5"/>
      </object_component>
      <object_component id="oc-f9">
         <name>.text:_IQ20sqrt</name>
         <load_address>0x2ea8</load_address>
         <run_address>0x2ea8</run_address>
         <size>0x6c</size>
         <input_file_ref idref="fl-16"/>
      </object_component>
      <object_component id="oc-153">
         <name>.text:IntEnable</name>
         <load_address>0x2f14</load_address>
         <run_address>0x2f14</run_address>
         <size>0x68</size>
         <input_file_ref idref="fl-eb"/>
      </object_component>
      <object_component id="oc-15">
         <name>.text:decompress:lzss:__TI_decompress_lzss</name>
         <load_address>0x2f7c</load_address>
         <run_address>0x2f7c</run_address>
         <size>0x68</size>
         <input_file_ref idref="fl-dc"/>
      </object_component>
      <object_component id="oc-171">
         <name>.text:TimerConfigure</name>
         <load_address>0x2fe4</load_address>
         <run_address>0x2fe4</run_address>
         <size>0x60</size>
         <input_file_ref idref="fl-ed"/>
      </object_component>
      <object_component id="oc-10c">
         <name>.text:TimerIntClear</name>
         <load_address>0x3044</load_address>
         <run_address>0x3044</run_address>
         <size>0x4</size>
         <input_file_ref idref="fl-ed"/>
      </object_component>
      <object_component id="oc-15f">
         <name>.text</name>
         <load_address>0x3048</load_address>
         <run_address>0x3048</run_address>
         <size>0x60</size>
         <input_file_ref idref="fl-8"/>
      </object_component>
      <object_component id="oc-135">
         <name>.text:GPIOPinConfigure</name>
         <load_address>0x30a8</load_address>
         <run_address>0x30a8</run_address>
         <size>0x4c</size>
         <input_file_ref idref="fl-ea"/>
      </object_component>
      <object_component id="oc-25c">
         <name>.text:_TimerIntNumberGet</name>
         <load_address>0x30f4</load_address>
         <run_address>0x30f4</run_address>
         <size>0x4c</size>
         <input_file_ref idref="fl-ed"/>
      </object_component>
      <object_component id="oc-1f8">
         <name>.text</name>
         <load_address>0x3140</load_address>
         <run_address>0x3140</run_address>
         <size>0x48</size>
         <input_file_ref idref="fl-d1"/>
      </object_component>
      <object_component id="oc-147">
         <name>.text:UARTConfigSetExpClk</name>
         <load_address>0x3188</load_address>
         <run_address>0x3188</run_address>
         <size>0x46</size>
         <input_file_ref idref="fl-ee"/>
      </object_component>
      <object_component id="oc-19d">
         <name>.text:__TI_auto_init_nobinit_nopinit:__TI_auto_init_nobinit_nopinit</name>
         <load_address>0x31d0</load_address>
         <run_address>0x31d0</run_address>
         <size>0x44</size>
         <input_file_ref idref="fl-e2"/>
      </object_component>
      <object_component id="oc-245">
         <name>.text:_UARTIntNumberGet</name>
         <load_address>0x3214</load_address>
         <run_address>0x3214</run_address>
         <size>0x40</size>
         <input_file_ref idref="fl-ee"/>
      </object_component>
      <object_component id="oc-1ee">
         <name>.text</name>
         <load_address>0x3254</load_address>
         <run_address>0x3254</run_address>
         <size>0x38</size>
         <input_file_ref idref="fl-d3"/>
      </object_component>
      <object_component id="oc-1e9">
         <name>.text</name>
         <load_address>0x328c</load_address>
         <run_address>0x328c</run_address>
         <size>0x36</size>
         <input_file_ref idref="fl-d7"/>
      </object_component>
      <object_component id="oc-24b">
         <name>.text:IntRegister</name>
         <load_address>0x32c4</load_address>
         <run_address>0x32c4</run_address>
         <size>0x34</size>
         <input_file_ref idref="fl-eb"/>
      </object_component>
      <object_component id="oc-123">
         <name>.text:SysCtlPeripheralEnable</name>
         <load_address>0x32f8</load_address>
         <run_address>0x32f8</run_address>
         <size>0x34</size>
         <input_file_ref idref="fl-ec"/>
      </object_component>
      <object_component id="oc-59">
         <name>.text:_c_int00_noargs:_c_int00_noargs</name>
         <load_address>0x332c</load_address>
         <run_address>0x332c</run_address>
         <size>0x34</size>
         <input_file_ref idref="fl-df"/>
      </object_component>
      <object_component id="oc-203">
         <name>.text:GPIODirModeSet</name>
         <load_address>0x3360</load_address>
         <run_address>0x3360</run_address>
         <size>0x2c</size>
         <input_file_ref idref="fl-ea"/>
      </object_component>
      <object_component id="oc-214">
         <name>.text:UARTDisable</name>
         <load_address>0x338c</load_address>
         <run_address>0x338c</run_address>
         <size>0x20</size>
         <input_file_ref idref="fl-ee"/>
      </object_component>
      <object_component id="oc-47">
         <name>.text:decompress:ZI:__TI_zero_init_nomemset:__TI_zero_init_nomemset</name>
         <load_address>0x33ac</load_address>
         <run_address>0x33ac</run_address>
         <size>0x1c</size>
         <input_file_ref idref="fl-da"/>
      </object_component>
      <object_component id="oc-2a">
         <name>.text</name>
         <load_address>0x33c8</load_address>
         <run_address>0x33c8</run_address>
         <size>0x1a</size>
         <input_file_ref idref="fl-3"/>
      </object_component>
      <object_component id="oc-183">
         <name>.text:TimerIntRegister</name>
         <load_address>0x33e2</load_address>
         <run_address>0x33e2</run_address>
         <size>0x18</size>
         <input_file_ref idref="fl-ed"/>
      </object_component>
      <object_component id="oc-165">
         <name>.text:UARTIntRegister</name>
         <load_address>0x33fa</load_address>
         <run_address>0x33fa</run_address>
         <size>0x18</size>
         <input_file_ref idref="fl-ee"/>
      </object_component>
      <object_component id="oc-13b">
         <name>.text:GPIOPinTypeUART</name>
         <load_address>0x3412</load_address>
         <run_address>0x3412</run_address>
         <size>0x16</size>
         <input_file_ref idref="fl-ea"/>
      </object_component>
      <object_component id="oc-21a">
         <name>.text:UARTEnable</name>
         <load_address>0x3428</load_address>
         <run_address>0x3428</run_address>
         <size>0x14</size>
         <input_file_ref idref="fl-ee"/>
      </object_component>
      <object_component id="oc-177">
         <name>.text:TimerLoadSet</name>
         <load_address>0x343c</load_address>
         <run_address>0x343c</run_address>
         <size>0x12</size>
         <input_file_ref idref="fl-ed"/>
      </object_component>
      <object_component id="oc-11d">
         <name>.text:FPUEnable</name>
         <load_address>0x3450</load_address>
         <run_address>0x3450</run_address>
         <size>0x10</size>
         <input_file_ref idref="fl-e9"/>
      </object_component>
      <object_component id="oc-117">
         <name>.text:FPULazyStackingEnable</name>
         <load_address>0x3460</load_address>
         <run_address>0x3460</run_address>
         <size>0x10</size>
         <input_file_ref idref="fl-e9"/>
      </object_component>
      <object_component id="oc-16b">
         <name>.text:IntMasterEnable</name>
         <load_address>0x3470</load_address>
         <run_address>0x3470</run_address>
         <size>0x10</size>
         <input_file_ref idref="fl-eb"/>
      </object_component>
      <object_component id="oc-f4">
         <name>.text:_IQ20mpy</name>
         <load_address>0x3480</load_address>
         <run_address>0x3480</run_address>
         <size>0x10</size>
         <input_file_ref idref="fl-15"/>
      </object_component>
      <object_component id="oc-189">
         <name>.text:TimerEnable</name>
         <load_address>0x3490</load_address>
         <run_address>0x3490</run_address>
         <size>0xe</size>
         <input_file_ref idref="fl-ed"/>
      </object_component>
      <object_component id="oc-23e">
         <name>.text:UARTCharGetNonBlocking</name>
         <load_address>0x349e</load_address>
         <run_address>0x349e</run_address>
         <size>0xe</size>
         <input_file_ref idref="fl-ee"/>
      </object_component>
      <object_component id="oc-235">
         <name>.text:UARTCharsAvail</name>
         <load_address>0x34ac</load_address>
         <run_address>0x34ac</run_address>
         <size>0xe</size>
         <input_file_ref idref="fl-ee"/>
      </object_component>
      <object_component id="oc-1b">
         <name>.text:decompress:none:__TI_decompress_none</name>
         <load_address>0x34ba</load_address>
         <run_address>0x34ba</run_address>
         <size>0xe</size>
         <input_file_ref idref="fl-db"/>
      </object_component>
      <object_component id="oc-252">
         <name>.text:CPUcpsie</name>
         <load_address>0x34c8</load_address>
         <run_address>0x34c8</run_address>
         <size>0xc</size>
         <input_file_ref idref="fl-ef"/>
      </object_component>
      <object_component id="oc-14d">
         <name>.text:UARTFIFODisable</name>
         <load_address>0x34d4</load_address>
         <run_address>0x34d4</run_address>
         <size>0xa</size>
         <input_file_ref idref="fl-ee"/>
      </object_component>
      <object_component id="oc-229">
         <name>.text:UARTIntStatus</name>
         <load_address>0x34de</load_address>
         <run_address>0x34de</run_address>
         <size>0xa</size>
         <input_file_ref idref="fl-ee"/>
      </object_component>
      <object_component id="oc-17d">
         <name>.text:TimerIntEnable</name>
         <load_address>0x34e8</load_address>
         <run_address>0x34e8</run_address>
         <size>0x8</size>
         <input_file_ref idref="fl-ed"/>
      </object_component>
      <object_component id="oc-159">
         <name>.text:UARTIntEnable</name>
         <load_address>0x34f0</load_address>
         <run_address>0x34f0</run_address>
         <size>0x8</size>
         <input_file_ref idref="fl-ee"/>
      </object_component>
      <object_component id="oc-18f">
         <name>.text:SysCtlDelay</name>
         <load_address>0x34f8</load_address>
         <run_address>0x34f8</run_address>
         <size>0x6</size>
         <input_file_ref idref="fl-ec"/>
      </object_component>
      <object_component id="oc-22f">
         <name>.text:UARTIntClear</name>
         <load_address>0x34fe</load_address>
         <run_address>0x34fe</run_address>
         <size>0x4</size>
         <input_file_ref idref="fl-ee"/>
      </object_component>
      <object_component id="oc-c2">
         <name>.text:_system_pre_init</name>
         <load_address>0x3502</load_address>
         <run_address>0x3502</run_address>
         <size>0x4</size>
         <input_file_ref idref="fl-e3"/>
      </object_component>
      <object_component id="oc-191">
         <name>.text:abort:abort</name>
         <load_address>0x3506</load_address>
         <run_address>0x3506</run_address>
         <size>0x4</size>
         <input_file_ref idref="fl-e5"/>
      </object_component>
      <object_component id="oc-1fe">
         <name>.const:g_pui32GPIOBaseAddrs</name>
         <load_address>0x3510</load_address>
         <run_address>0x3510</run_address>
         <size>0x90</size>
         <input_file_ref idref="fl-ea"/>
      </object_component>
      <object_component id="oc-210">
         <name>.const:g_pui32Xtals</name>
         <load_address>0x35a0</load_address>
         <run_address>0x35a0</run_address>
         <size>0x6c</size>
         <input_file_ref idref="fl-ec"/>
      </object_component>
      <object_component id="oc-2c3">
         <name>.const:g_ppui32TimerIntMap</name>
         <load_address>0x360c</load_address>
         <run_address>0x360c</run_address>
         <size>0x60</size>
         <input_file_ref idref="fl-ed"/>
      </object_component>
      <object_component id="oc-1e6">
         <name>.const:$O3$$</name>
         <load_address>0x3670</load_address>
         <run_address>0x3670</run_address>
         <size>0x50</size>
         <input_file_ref idref="fl-6"/>
      </object_component>
      <object_component id="oc-2c6">
         <name>.const:g_ppui32TimerIntMapSnowflake</name>
         <load_address>0x36c0</load_address>
         <run_address>0x36c0</run_address>
         <size>0x40</size>
         <input_file_ref idref="fl-ed"/>
      </object_component>
      <object_component id="oc-2b7">
         <name>.const:g_ppui32UARTIntMap</name>
         <load_address>0x3700</load_address>
         <run_address>0x3700</run_address>
         <size>0x40</size>
         <input_file_ref idref="fl-ee"/>
      </object_component>
      <object_component id="oc-2ba">
         <name>.const:g_ppui32UARTIntMapSnowflake</name>
         <load_address>0x3740</load_address>
         <run_address>0x3740</run_address>
         <size>0x40</size>
         <input_file_ref idref="fl-ee"/>
      </object_component>
      <object_component id="oc-223">
         <name>.const:g_pui32EnRegs</name>
         <load_address>0x3780</load_address>
         <run_address>0x3780</run_address>
         <size>0x14</size>
         <input_file_ref idref="fl-eb"/>
      </object_component>
      <object_component id="oc-322">
         <name>.cinit..data.load</name>
         <load_address>0x3798</load_address>
         <run_address>0x3798</run_address>
         <size>0x87</size>
      </object_component>
      <object_component id="oc-31f">
         <name>__TI_handler_table</name>
         <load_address>0x3820</load_address>
         <run_address>0x3820</run_address>
         <size>0xc</size>
      </object_component>
      <object_component id="oc-321">
         <name>.cinit..vtable.load</name>
         <load_address>0x3830</load_address>
         <run_address>0x3830</run_address>
         <size>0x8</size>
      </object_component>
      <object_component id="oc-320">
         <name>__TI_cinit_table</name>
         <load_address>0x3838</load_address>
         <run_address>0x3838</run_address>
         <size>0x10</size>
      </object_component>
      <object_component id="oc-2be">
         <name>.vtable</name>
         <uninitialized>true</uninitialized>
         <run_address>0x20000000</run_address>
         <size>0x26c</size>
         <input_file_ref idref="fl-eb"/>
      </object_component>
      <object_component id="oc-eb">
         <name>.data:$O1$$</name>
         <load_address>0x20002688</load_address>
         <run_address>0x20002688</run_address>
         <size>0x2e0</size>
         <input_file_ref idref="fl-2"/>
      </object_component>
      <object_component id="oc-fe">
         <name>.data:$O2$$</name>
         <load_address>0x20002968</load_address>
         <run_address>0x20002968</run_address>
         <size>0x14</size>
         <input_file_ref idref="fl-5"/>
      </object_component>
      <object_component id="oc-23b">
         <name>.data:$O4$$</name>
         <load_address>0x20002270</load_address>
         <run_address>0x20002270</run_address>
         <size>0x418</size>
         <input_file_ref idref="fl-8"/>
      </object_component>
      <object_component id="oc-24">
         <name>.sysmem</name>
         <uninitialized>true</uninitialized>
         <run_address>0x20001270</run_address>
         <size>0x10</size>
         <input_file_ref idref="fl-dd"/>
      </object_component>
      <object_component id="oc-325">
         <name>.sysmem</name>
         <uninitialized>true</uninitialized>
         <run_address>0x20001270</run_address>
         <size>0x0</size>
      </object_component>
      <object_component id="oc-27">
         <name>.stack</name>
         <uninitialized>true</uninitialized>
         <run_address>0x20000270</run_address>
         <size>0x4</size>
         <input_file_ref idref="fl-df"/>
      </object_component>
      <object_component id="oc-324">
         <name>.stack</name>
         <uninitialized>true</uninitialized>
         <run_address>0x20000270</run_address>
         <size>0x0</size>
      </object_component>
      <object_component id="oc-32">
         <name>.debug_info</name>
         <load_address>0x0</load_address>
         <run_address>0x0</run_address>
         <size>0x2b1</size>
         <input_file_ref idref="fl-3"/>
      </object_component>
      <object_component id="oc-13">
         <name>.debug_info</name>
         <load_address>0x2b1</load_address>
         <run_address>0x2b1</run_address>
         <size>0xf0</size>
         <input_file_ref idref="fl-3"/>
      </object_component>
      <object_component id="oc-2b">
         <name>.debug_info</name>
         <load_address>0x3a1</load_address>
         <run_address>0x3a1</run_address>
         <size>0x26c</size>
         <input_file_ref idref="fl-3"/>
      </object_component>
      <object_component id="oc-6f">
         <name>.debug_info</name>
         <load_address>0x60d</load_address>
         <run_address>0x60d</run_address>
         <size>0x84</size>
         <input_file_ref idref="fl-3"/>
      </object_component>
      <object_component id="oc-e4">
         <name>.debug_info</name>
         <load_address>0x691</load_address>
         <run_address>0x691</run_address>
         <size>0x2a4</size>
         <input_file_ref idref="fl-3"/>
      </object_component>
      <object_component id="oc-7c">
         <name>.debug_info</name>
         <load_address>0x935</load_address>
         <run_address>0x935</run_address>
         <size>0xbb</size>
         <input_file_ref idref="fl-3"/>
      </object_component>
      <object_component id="oc-113">
         <name>.debug_info</name>
         <load_address>0x9f0</load_address>
         <run_address>0x9f0</run_address>
         <size>0x1bf</size>
         <input_file_ref idref="fl-14"/>
      </object_component>
      <object_component id="oc-102">
         <name>.debug_info</name>
         <load_address>0xbaf</load_address>
         <run_address>0xbaf</run_address>
         <size>0x1bf</size>
         <input_file_ref idref="fl-14"/>
      </object_component>
      <object_component id="oc-f6">
         <name>.debug_info</name>
         <load_address>0xd6e</load_address>
         <run_address>0xd6e</run_address>
         <size>0x1b1</size>
         <input_file_ref idref="fl-15"/>
      </object_component>
      <object_component id="oc-fc">
         <name>.debug_info</name>
         <load_address>0xf1f</load_address>
         <run_address>0xf1f</run_address>
         <size>0x1bb</size>
         <input_file_ref idref="fl-16"/>
      </object_component>
      <object_component id="oc-1f6">
         <name>.debug_info</name>
         <load_address>0x10da</load_address>
         <run_address>0x10da</run_address>
         <size>0x14c</size>
         <input_file_ref idref="fl-ce"/>
      </object_component>
      <object_component id="oc-1fb">
         <name>.debug_info</name>
         <load_address>0x1226</load_address>
         <run_address>0x1226</run_address>
         <size>0x12e</size>
         <input_file_ref idref="fl-d1"/>
      </object_component>
      <object_component id="oc-1f0">
         <name>.debug_info</name>
         <load_address>0x1354</load_address>
         <run_address>0x1354</run_address>
         <size>0x12c</size>
         <input_file_ref idref="fl-d3"/>
      </object_component>
      <object_component id="oc-1ec">
         <name>.debug_info</name>
         <load_address>0x1480</load_address>
         <run_address>0x1480</run_address>
         <size>0x12d</size>
         <input_file_ref idref="fl-d7"/>
      </object_component>
      <object_component id="oc-bf">
         <name>.debug_info</name>
         <load_address>0x15ad</load_address>
         <run_address>0x15ad</run_address>
         <size>0x147</size>
         <input_file_ref idref="fl-d9"/>
      </object_component>
      <object_component id="oc-28">
         <name>.debug_info</name>
         <load_address>0x16f4</load_address>
         <run_address>0x16f4</run_address>
         <size>0x10b</size>
         <input_file_ref idref="fl-df"/>
      </object_component>
      <object_component id="oc-5c">
         <name>.debug_info</name>
         <load_address>0x17ff</load_address>
         <run_address>0x17ff</run_address>
         <size>0x1a9</size>
         <input_file_ref idref="fl-df"/>
      </object_component>
      <object_component id="oc-41">
         <name>.debug_info</name>
         <load_address>0x19a8</load_address>
         <run_address>0x19a8</run_address>
         <size>0x119</size>
         <input_file_ref idref="fl-e1"/>
      </object_component>
      <object_component id="oc-26f">
         <name>.debug_info</name>
         <load_address>0x1ac1</load_address>
         <run_address>0x1ac1</run_address>
         <size>0x4b3</size>
         <input_file_ref idref="fl-e2"/>
      </object_component>
      <object_component id="oc-19f">
         <name>.debug_info</name>
         <load_address>0x1f74</load_address>
         <run_address>0x1f74</run_address>
         <size>0x1a6</size>
         <input_file_ref idref="fl-e2"/>
      </object_component>
      <object_component id="oc-2d8">
         <name>.debug_info</name>
         <load_address>0x211a</load_address>
         <run_address>0x211a</run_address>
         <size>0x39</size>
         <input_file_ref idref="fl-e2"/>
      </object_component>
      <object_component id="oc-2ef">
         <name>.debug_info</name>
         <load_address>0x2153</load_address>
         <run_address>0x2153</run_address>
         <size>0x39</size>
         <input_file_ref idref="fl-e2"/>
      </object_component>
      <object_component id="oc-2dd">
         <name>.debug_info</name>
         <load_address>0x218c</load_address>
         <run_address>0x218c</run_address>
         <size>0x39</size>
         <input_file_ref idref="fl-e2"/>
      </object_component>
      <object_component id="oc-192">
         <name>.debug_info</name>
         <load_address>0x21c5</load_address>
         <run_address>0x21c5</run_address>
         <size>0x122</size>
         <input_file_ref idref="fl-e5"/>
      </object_component>
      <object_component id="oc-2e3">
         <name>.debug_info</name>
         <load_address>0x22e7</load_address>
         <run_address>0x22e7</run_address>
         <size>0x3ac</size>
         <input_file_ref idref="fl-e8"/>
      </object_component>
      <object_component id="oc-28b">
         <name>.debug_info</name>
         <load_address>0x2693</load_address>
         <run_address>0x2693</run_address>
         <size>0x26b</size>
         <input_file_ref idref="fl-e8"/>
      </object_component>
      <object_component id="oc-284">
         <name>.debug_info</name>
         <load_address>0x28fe</load_address>
         <run_address>0x28fe</run_address>
         <size>0x297</size>
         <input_file_ref idref="fl-e8"/>
      </object_component>
      <object_component id="oc-296">
         <name>.debug_info</name>
         <load_address>0x2b95</load_address>
         <run_address>0x2b95</run_address>
         <size>0xef</size>
         <input_file_ref idref="fl-e8"/>
      </object_component>
      <object_component id="oc-1da">
         <name>.debug_info</name>
         <load_address>0x2c84</load_address>
         <run_address>0x2c84</run_address>
         <size>0xbb</size>
         <input_file_ref idref="fl-e8"/>
      </object_component>
      <object_component id="oc-118">
         <name>.debug_info</name>
         <load_address>0x2d3f</load_address>
         <run_address>0x2d3f</run_address>
         <size>0x22e</size>
         <input_file_ref idref="fl-e9"/>
      </object_component>
      <object_component id="oc-120">
         <name>.debug_info</name>
         <load_address>0x2f6d</load_address>
         <run_address>0x2f6d</run_address>
         <size>0x216</size>
         <input_file_ref idref="fl-e9"/>
      </object_component>
      <object_component id="oc-202">
         <name>.debug_info</name>
         <load_address>0x3183</load_address>
         <run_address>0x3183</run_address>
         <size>0x3e4</size>
         <input_file_ref idref="fl-ea"/>
      </object_component>
      <object_component id="oc-1ff">
         <name>.debug_info</name>
         <load_address>0x3567</load_address>
         <run_address>0x3567</run_address>
         <size>0x164</size>
         <input_file_ref idref="fl-ea"/>
      </object_component>
      <object_component id="oc-204">
         <name>.debug_info</name>
         <load_address>0x36cb</load_address>
         <run_address>0x36cb</run_address>
         <size>0x2bc</size>
         <input_file_ref idref="fl-ea"/>
      </object_component>
      <object_component id="oc-20a">
         <name>.debug_info</name>
         <load_address>0x3987</load_address>
         <run_address>0x3987</run_address>
         <size>0x31f</size>
         <input_file_ref idref="fl-ea"/>
      </object_component>
      <object_component id="oc-13c">
         <name>.debug_info</name>
         <load_address>0x3ca6</load_address>
         <run_address>0x3ca6</run_address>
         <size>0x29b</size>
         <input_file_ref idref="fl-ea"/>
      </object_component>
      <object_component id="oc-136">
         <name>.debug_info</name>
         <load_address>0x3f41</load_address>
         <run_address>0x3f41</run_address>
         <size>0x289</size>
         <input_file_ref idref="fl-ea"/>
      </object_component>
      <object_component id="oc-227">
         <name>.debug_info</name>
         <load_address>0x41ca</load_address>
         <run_address>0x41ca</run_address>
         <size>0x3b7</size>
         <input_file_ref idref="fl-eb"/>
      </object_component>
      <object_component id="oc-224">
         <name>.debug_info</name>
         <load_address>0x4581</load_address>
         <run_address>0x4581</run_address>
         <size>0x15b</size>
         <input_file_ref idref="fl-eb"/>
      </object_component>
      <object_component id="oc-2bf">
         <name>.debug_info</name>
         <load_address>0x46dc</load_address>
         <run_address>0x46dc</run_address>
         <size>0x160</size>
         <input_file_ref idref="fl-eb"/>
      </object_component>
      <object_component id="oc-24c">
         <name>.debug_info</name>
         <load_address>0x483c</load_address>
         <run_address>0x483c</run_address>
         <size>0x2ca</size>
         <input_file_ref idref="fl-eb"/>
      </object_component>
      <object_component id="oc-16c">
         <name>.debug_info</name>
         <load_address>0x4b06</load_address>
         <run_address>0x4b06</run_address>
         <size>0x247</size>
         <input_file_ref idref="fl-eb"/>
      </object_component>
      <object_component id="oc-154">
         <name>.debug_info</name>
         <load_address>0x4d4d</load_address>
         <run_address>0x4d4d</run_address>
         <size>0x271</size>
         <input_file_ref idref="fl-eb"/>
      </object_component>
      <object_component id="oc-1e4">
         <name>.debug_info</name>
         <load_address>0x4fbe</load_address>
         <run_address>0x4fbe</run_address>
         <size>0x441</size>
         <input_file_ref idref="fl-ec"/>
      </object_component>
      <object_component id="oc-211">
         <name>.debug_info</name>
         <load_address>0x53ff</load_address>
         <run_address>0x53ff</run_address>
         <size>0x156</size>
         <input_file_ref idref="fl-ec"/>
      </object_component>
      <object_component id="oc-124">
         <name>.debug_info</name>
         <load_address>0x5555</load_address>
         <run_address>0x5555</run_address>
         <size>0x286</size>
         <input_file_ref idref="fl-ec"/>
      </object_component>
      <object_component id="oc-12a">
         <name>.debug_info</name>
         <load_address>0x57db</load_address>
         <run_address>0x57db</run_address>
         <size>0x2e4</size>
         <input_file_ref idref="fl-ec"/>
      </object_component>
      <object_component id="oc-142">
         <name>.debug_info</name>
         <load_address>0x5abf</load_address>
         <run_address>0x5abf</run_address>
         <size>0x2be</size>
         <input_file_ref idref="fl-ec"/>
      </object_component>
      <object_component id="oc-292">
         <name>.debug_info</name>
         <load_address>0x5d7d</load_address>
         <run_address>0x5d7d</run_address>
         <size>0x51</size>
         <input_file_ref idref="fl-ec"/>
      </object_component>
      <object_component id="oc-1df">
         <name>.debug_info</name>
         <load_address>0x5dce</load_address>
         <run_address>0x5dce</run_address>
         <size>0x3c7</size>
         <input_file_ref idref="fl-ed"/>
      </object_component>
      <object_component id="oc-2c4">
         <name>.debug_info</name>
         <load_address>0x6195</load_address>
         <run_address>0x6195</run_address>
         <size>0x163</size>
         <input_file_ref idref="fl-ed"/>
      </object_component>
      <object_component id="oc-2c7">
         <name>.debug_info</name>
         <load_address>0x62f8</load_address>
         <run_address>0x62f8</run_address>
         <size>0x175</size>
         <input_file_ref idref="fl-ed"/>
      </object_component>
      <object_component id="oc-178">
         <name>.debug_info</name>
         <load_address>0x646d</load_address>
         <run_address>0x646d</run_address>
         <size>0x2c3</size>
         <input_file_ref idref="fl-ed"/>
      </object_component>
      <object_component id="oc-25d">
         <name>.debug_info</name>
         <load_address>0x6730</load_address>
         <run_address>0x6730</run_address>
         <size>0x2f4</size>
         <input_file_ref idref="fl-ed"/>
      </object_component>
      <object_component id="oc-184">
         <name>.debug_info</name>
         <load_address>0x6a24</load_address>
         <run_address>0x6a24</run_address>
         <size>0x2ed</size>
         <input_file_ref idref="fl-ed"/>
      </object_component>
      <object_component id="oc-17f">
         <name>.debug_info</name>
         <load_address>0x6d11</load_address>
         <run_address>0x6d11</run_address>
         <size>0x29d</size>
         <input_file_ref idref="fl-ed"/>
      </object_component>
      <object_component id="oc-10d">
         <name>.debug_info</name>
         <load_address>0x6fae</load_address>
         <run_address>0x6fae</run_address>
         <size>0x29b</size>
         <input_file_ref idref="fl-ed"/>
      </object_component>
      <object_component id="oc-18b">
         <name>.debug_info</name>
         <load_address>0x7249</load_address>
         <run_address>0x7249</run_address>
         <size>0x288</size>
         <input_file_ref idref="fl-ed"/>
      </object_component>
      <object_component id="oc-172">
         <name>.debug_info</name>
         <load_address>0x74d1</load_address>
         <run_address>0x74d1</run_address>
         <size>0x295</size>
         <input_file_ref idref="fl-ed"/>
      </object_component>
      <object_component id="oc-221">
         <name>.debug_info</name>
         <load_address>0x7766</load_address>
         <run_address>0x7766</run_address>
         <size>0x3cb</size>
         <input_file_ref idref="fl-ee"/>
      </object_component>
      <object_component id="oc-2b8">
         <name>.debug_info</name>
         <load_address>0x7b31</load_address>
         <run_address>0x7b31</run_address>
         <size>0x160</size>
         <input_file_ref idref="fl-ee"/>
      </object_component>
      <object_component id="oc-2bb">
         <name>.debug_info</name>
         <load_address>0x7c91</load_address>
         <run_address>0x7c91</run_address>
         <size>0x172</size>
         <input_file_ref idref="fl-ee"/>
      </object_component>
      <object_component id="oc-246">
         <name>.debug_info</name>
         <load_address>0x7e03</load_address>
         <run_address>0x7e03</run_address>
         <size>0x287</size>
         <input_file_ref idref="fl-ee"/>
      </object_component>
      <object_component id="oc-22a">
         <name>.debug_info</name>
         <load_address>0x808a</load_address>
         <run_address>0x808a</run_address>
         <size>0x288</size>
         <input_file_ref idref="fl-ee"/>
      </object_component>
      <object_component id="oc-166">
         <name>.debug_info</name>
         <load_address>0x8312</load_address>
         <run_address>0x8312</run_address>
         <size>0x2cc</size>
         <input_file_ref idref="fl-ee"/>
      </object_component>
      <object_component id="oc-15a">
         <name>.debug_info</name>
         <load_address>0x85de</load_address>
         <run_address>0x85de</run_address>
         <size>0x298</size>
         <input_file_ref idref="fl-ee"/>
      </object_component>
      <object_component id="oc-230">
         <name>.debug_info</name>
         <load_address>0x8876</load_address>
         <run_address>0x8876</run_address>
         <size>0x296</size>
         <input_file_ref idref="fl-ee"/>
      </object_component>
      <object_component id="oc-14e">
         <name>.debug_info</name>
         <load_address>0x8b0c</load_address>
         <run_address>0x8b0c</run_address>
         <size>0x25a</size>
         <input_file_ref idref="fl-ee"/>
      </object_component>
      <object_component id="oc-21b">
         <name>.debug_info</name>
         <load_address>0x8d66</load_address>
         <run_address>0x8d66</run_address>
         <size>0x250</size>
         <input_file_ref idref="fl-ee"/>
      </object_component>
      <object_component id="oc-215">
         <name>.debug_info</name>
         <load_address>0x8fb6</load_address>
         <run_address>0x8fb6</run_address>
         <size>0x252</size>
         <input_file_ref idref="fl-ee"/>
      </object_component>
      <object_component id="oc-148">
         <name>.debug_info</name>
         <load_address>0x9208</load_address>
         <run_address>0x9208</run_address>
         <size>0x32f</size>
         <input_file_ref idref="fl-ee"/>
      </object_component>
      <object_component id="oc-236">
         <name>.debug_info</name>
         <load_address>0x9537</load_address>
         <run_address>0x9537</run_address>
         <size>0x25c</size>
         <input_file_ref idref="fl-ee"/>
      </object_component>
      <object_component id="oc-23f">
         <name>.debug_info</name>
         <load_address>0x9793</load_address>
         <run_address>0x9793</run_address>
         <size>0x26c</size>
         <input_file_ref idref="fl-ee"/>
      </object_component>
      <object_component id="oc-253">
         <name>.debug_info</name>
         <load_address>0x99ff</load_address>
         <run_address>0x99ff</run_address>
         <size>0x21b</size>
         <input_file_ref idref="fl-ef"/>
      </object_component>
      <object_component id="oc-44">
         <name>.debug_info</name>
         <load_address>0x9c1a</load_address>
         <run_address>0x9c1a</run_address>
         <size>0x1a15</size>
         <input_file_ref idref="fl-f0"/>
      </object_component>
      <object_component id="oc-25">
         <name>.debug_info</name>
         <load_address>0xb62f</load_address>
         <run_address>0xb62f</run_address>
         <size>0xd0</size>
         <input_file_ref idref="fl-f0"/>
      </object_component>
      <object_component id="oc-ec">
         <name>.debug_info</name>
         <load_address>0xb6ff</load_address>
         <run_address>0xb6ff</run_address>
         <size>0xcf6</size>
         <input_file_ref idref="fl-f0"/>
      </object_component>
      <object_component id="oc-ff">
         <name>.debug_info</name>
         <load_address>0xc3f5</load_address>
         <run_address>0xc3f5</run_address>
         <size>0x170</size>
         <input_file_ref idref="fl-f0"/>
      </object_component>
      <object_component id="oc-1e7">
         <name>.debug_info</name>
         <load_address>0xc565</load_address>
         <run_address>0xc565</run_address>
         <size>0xe5</size>
         <input_file_ref idref="fl-f0"/>
      </object_component>
      <object_component id="oc-23c">
         <name>.debug_info</name>
         <load_address>0xc64a</load_address>
         <run_address>0xc64a</run_address>
         <size>0x1cf</size>
         <input_file_ref idref="fl-f0"/>
      </object_component>
      <object_component id="oc-160">
         <name>.debug_info</name>
         <load_address>0xc819</load_address>
         <run_address>0xc819</run_address>
         <size>0x19b</size>
         <input_file_ref idref="fl-f0"/>
      </object_component>
      <object_component id="oc-ef">
         <name>.debug_info</name>
         <load_address>0xc9b4</load_address>
         <run_address>0xc9b4</run_address>
         <size>0x25b</size>
         <input_file_ref idref="fl-f0"/>
      </object_component>
      <object_component id="oc-c9">
         <name>.debug_info</name>
         <load_address>0xcc0f</load_address>
         <run_address>0xcc0f</run_address>
         <size>0x114b</size>
         <input_file_ref idref="fl-f0"/>
      </object_component>
      <object_component id="oc-107">
         <name>.debug_info</name>
         <load_address>0xdd5a</load_address>
         <run_address>0xdd5a</run_address>
         <size>0x26c</size>
         <input_file_ref idref="fl-f0"/>
      </object_component>
      <object_component id="oc-130">
         <name>.debug_info</name>
         <load_address>0xdfc6</load_address>
         <run_address>0xdfc6</run_address>
         <size>0xb8b</size>
         <input_file_ref idref="fl-f0"/>
      </object_component>
      <object_component id="oc-c3">
         <name>.debug_info</name>
         <load_address>0xeb51</load_address>
         <run_address>0xeb51</run_address>
         <size>0x10a</size>
         <input_file_ref idref="fl-f0"/>
      </object_component>
      <object_component id="oc-48">
         <name>.debug_info</name>
         <load_address>0xec5b</load_address>
         <run_address>0xec5b</run_address>
         <size>0x183</size>
         <input_file_ref idref="fl-f0"/>
      </object_component>
      <object_component id="oc-1c">
         <name>.debug_info</name>
         <load_address>0xedde</load_address>
         <run_address>0xedde</run_address>
         <size>0x195</size>
         <input_file_ref idref="fl-f0"/>
      </object_component>
      <object_component id="oc-16">
         <name>.debug_info</name>
         <load_address>0xef73</load_address>
         <run_address>0xef73</run_address>
         <size>0x1fb</size>
         <input_file_ref idref="fl-f0"/>
      </object_component>
      <object_component id="oc-89">
         <name>.debug_info</name>
         <load_address>0xf16e</load_address>
         <run_address>0xf16e</run_address>
         <size>0x37d</size>
         <input_file_ref idref="fl-f0"/>
      </object_component>
      <object_component id="oc-77">
         <name>.debug_info</name>
         <load_address>0xf4eb</load_address>
         <run_address>0xf4eb</run_address>
         <size>0x26b</size>
         <input_file_ref idref="fl-f0"/>
      </object_component>
      <object_component id="oc-b1">
         <name>.debug_info</name>
         <load_address>0xf756</load_address>
         <run_address>0xf756</run_address>
         <size>0xb2</size>
         <input_file_ref idref="fl-f0"/>
      </object_component>
      <object_component id="oc-39">
         <name>.debug_info</name>
         <load_address>0xf808</load_address>
         <run_address>0xf808</run_address>
         <size>0x8b</size>
         <input_file_ref idref="fl-f0"/>
      </object_component>
      <object_component id="oc-8e">
         <name>.debug_info</name>
         <load_address>0xf893</load_address>
         <run_address>0xf893</run_address>
         <size>0x2c</size>
         <input_file_ref idref="fl-f0"/>
      </object_component>
      <object_component id="oc-df">
         <name>.debug_info</name>
         <load_address>0xf8bf</load_address>
         <run_address>0xf8bf</run_address>
         <size>0x249</size>
         <input_file_ref idref="fl-f0"/>
      </object_component>
      <object_component id="oc-93">
         <name>.debug_info</name>
         <load_address>0xfb08</load_address>
         <run_address>0xfb08</run_address>
         <size>0x87</size>
         <input_file_ref idref="fl-f0"/>
      </object_component>
      <object_component id="oc-34">
         <name>.debug_info</name>
         <load_address>0xfb8f</load_address>
         <run_address>0xfb8f</run_address>
         <size>0x60</size>
         <input_file_ref idref="fl-f0"/>
      </object_component>
      <object_component id="oc-da">
         <name>.debug_info</name>
         <load_address>0xfbef</load_address>
         <run_address>0xfbef</run_address>
         <size>0x7a</size>
         <input_file_ref idref="fl-f0"/>
      </object_component>
      <object_component id="oc-98">
         <name>.debug_info</name>
         <load_address>0xfc69</load_address>
         <run_address>0xfc69</run_address>
         <size>0x53</size>
         <input_file_ref idref="fl-f0"/>
      </object_component>
      <object_component id="oc-81">
         <name>.debug_info</name>
         <load_address>0xfcbc</load_address>
         <run_address>0xfcbc</run_address>
         <size>0x39</size>
         <input_file_ref idref="fl-f0"/>
      </object_component>
      <object_component id="oc-9d">
         <name>.debug_info</name>
         <load_address>0xfcf5</load_address>
         <run_address>0xfcf5</run_address>
         <size>0x2c</size>
         <input_file_ref idref="fl-f0"/>
      </object_component>
      <object_component id="oc-b7">
         <name>.debug_info</name>
         <load_address>0xfd21</load_address>
         <run_address>0xfd21</run_address>
         <size>0x2c</size>
         <input_file_ref idref="fl-f0"/>
      </object_component>
      <object_component id="oc-a2">
         <name>.debug_info</name>
         <load_address>0xfd4d</load_address>
         <run_address>0xfd4d</run_address>
         <size>0x1b2</size>
         <input_file_ref idref="fl-f0"/>
      </object_component>
      <object_component id="oc-a7">
         <name>.debug_info</name>
         <load_address>0xfeff</load_address>
         <run_address>0xfeff</run_address>
         <size>0x35</size>
         <input_file_ref idref="fl-f0"/>
      </object_component>
      <object_component id="oc-ac">
         <name>.debug_info</name>
         <load_address>0xff34</load_address>
         <run_address>0xff34</run_address>
         <size>0xcd</size>
         <input_file_ref idref="fl-f0"/>
      </object_component>
      <object_component id="oc-326">
         <name>.debug_info</name>
         <load_address>0x10001</load_address>
         <run_address>0x10001</run_address>
         <size>0xa3</size>
      </object_component>
      <object_component id="oc-76">
         <name>.debug_line</name>
         <load_address>0x0</load_address>
         <run_address>0x0</run_address>
         <size>0x41</size>
         <input_file_ref idref="fl-3"/>
      </object_component>
      <object_component id="oc-31">
         <name>.debug_line</name>
         <load_address>0x41</load_address>
         <run_address>0x41</run_address>
         <size>0x41</size>
         <input_file_ref idref="fl-3"/>
      </object_component>
      <object_component id="oc-2e">
         <name>.debug_line</name>
         <load_address>0x82</load_address>
         <run_address>0x82</run_address>
         <size>0x9b</size>
         <input_file_ref idref="fl-3"/>
      </object_component>
      <object_component id="oc-72">
         <name>.debug_line</name>
         <load_address>0x11d</load_address>
         <run_address>0x11d</run_address>
         <size>0x20</size>
         <input_file_ref idref="fl-3"/>
      </object_component>
      <object_component id="oc-e7">
         <name>.debug_line</name>
         <load_address>0x13d</load_address>
         <run_address>0x13d</run_address>
         <size>0x73</size>
         <input_file_ref idref="fl-3"/>
      </object_component>
      <object_component id="oc-7f">
         <name>.debug_line</name>
         <load_address>0x1b0</load_address>
         <run_address>0x1b0</run_address>
         <size>0x70</size>
         <input_file_ref idref="fl-3"/>
      </object_component>
      <object_component id="oc-116">
         <name>.debug_line</name>
         <load_address>0x220</load_address>
         <run_address>0x220</run_address>
         <size>0xbe</size>
         <input_file_ref idref="fl-14"/>
      </object_component>
      <object_component id="oc-105">
         <name>.debug_line</name>
         <load_address>0x2de</load_address>
         <run_address>0x2de</run_address>
         <size>0xbe</size>
         <input_file_ref idref="fl-14"/>
      </object_component>
      <object_component id="oc-f5">
         <name>.debug_line</name>
         <load_address>0x39c</load_address>
         <run_address>0x39c</run_address>
         <size>0x92</size>
         <input_file_ref idref="fl-15"/>
      </object_component>
      <object_component id="oc-fa">
         <name>.debug_line</name>
         <load_address>0x42e</load_address>
         <run_address>0x42e</run_address>
         <size>0xac</size>
         <input_file_ref idref="fl-16"/>
      </object_component>
      <object_component id="oc-1f4">
         <name>.debug_line</name>
         <load_address>0x4da</load_address>
         <run_address>0x4da</run_address>
         <size>0xd2</size>
         <input_file_ref idref="fl-ce"/>
      </object_component>
      <object_component id="oc-1f9">
         <name>.debug_line</name>
         <load_address>0x5ac</load_address>
         <run_address>0x5ac</run_address>
         <size>0x5a</size>
         <input_file_ref idref="fl-d1"/>
      </object_component>
      <object_component id="oc-1f2">
         <name>.debug_line</name>
         <load_address>0x606</load_address>
         <run_address>0x606</run_address>
         <size>0x57</size>
         <input_file_ref idref="fl-d3"/>
      </object_component>
      <object_component id="oc-1eb">
         <name>.debug_line</name>
         <load_address>0x65d</load_address>
         <run_address>0x65d</run_address>
         <size>0x57</size>
         <input_file_ref idref="fl-d7"/>
      </object_component>
      <object_component id="oc-bd">
         <name>.debug_line</name>
         <load_address>0x6b4</load_address>
         <run_address>0x6b4</run_address>
         <size>0x79</size>
         <input_file_ref idref="fl-d9"/>
      </object_component>
      <object_component id="oc-6e">
         <name>.debug_line</name>
         <load_address>0x72d</load_address>
         <run_address>0x72d</run_address>
         <size>0x33</size>
         <input_file_ref idref="fl-df"/>
      </object_component>
      <object_component id="oc-5e">
         <name>.debug_line</name>
         <load_address>0x760</load_address>
         <run_address>0x760</run_address>
         <size>0x45</size>
         <input_file_ref idref="fl-df"/>
      </object_component>
      <object_component id="oc-40">
         <name>.debug_line</name>
         <load_address>0x7a5</load_address>
         <run_address>0x7a5</run_address>
         <size>0x88</size>
         <input_file_ref idref="fl-e1"/>
      </object_component>
      <object_component id="oc-2d7">
         <name>.debug_line</name>
         <load_address>0x82d</load_address>
         <run_address>0x82d</run_address>
         <size>0xbf</size>
         <input_file_ref idref="fl-e2"/>
      </object_component>
      <object_component id="oc-19e">
         <name>.debug_line</name>
         <load_address>0x8ec</load_address>
         <run_address>0x8ec</run_address>
         <size>0x6f</size>
         <input_file_ref idref="fl-e2"/>
      </object_component>
      <object_component id="oc-2db">
         <name>.debug_line</name>
         <load_address>0x95b</load_address>
         <run_address>0x95b</run_address>
         <size>0x2e</size>
         <input_file_ref idref="fl-e2"/>
      </object_component>
      <object_component id="oc-2f2">
         <name>.debug_line</name>
         <load_address>0x989</load_address>
         <run_address>0x989</run_address>
         <size>0x9a</size>
         <input_file_ref idref="fl-e2"/>
      </object_component>
      <object_component id="oc-2e0">
         <name>.debug_line</name>
         <load_address>0xa23</load_address>
         <run_address>0xa23</run_address>
         <size>0x97</size>
         <input_file_ref idref="fl-e2"/>
      </object_component>
      <object_component id="oc-195">
         <name>.debug_line</name>
         <load_address>0xaba</load_address>
         <run_address>0xaba</run_address>
         <size>0x3c</size>
         <input_file_ref idref="fl-e5"/>
      </object_component>
      <object_component id="oc-2f5">
         <name>.debug_line</name>
         <load_address>0xaf6</load_address>
         <run_address>0xaf6</run_address>
         <size>0x82</size>
         <input_file_ref idref="fl-e8"/>
      </object_component>
      <object_component id="oc-28e">
         <name>.debug_line</name>
         <load_address>0xb78</load_address>
         <run_address>0xb78</run_address>
         <size>0x71</size>
         <input_file_ref idref="fl-e8"/>
      </object_component>
      <object_component id="oc-287">
         <name>.debug_line</name>
         <load_address>0xbe9</load_address>
         <run_address>0xbe9</run_address>
         <size>0x75</size>
         <input_file_ref idref="fl-e8"/>
      </object_component>
      <object_component id="oc-299">
         <name>.debug_line</name>
         <load_address>0xc5e</load_address>
         <run_address>0xc5e</run_address>
         <size>0x71</size>
         <input_file_ref idref="fl-e8"/>
      </object_component>
      <object_component id="oc-1dd">
         <name>.debug_line</name>
         <load_address>0xccf</load_address>
         <run_address>0xccf</run_address>
         <size>0x72</size>
         <input_file_ref idref="fl-e8"/>
      </object_component>
      <object_component id="oc-11b">
         <name>.debug_line</name>
         <load_address>0xd41</load_address>
         <run_address>0xd41</run_address>
         <size>0x91</size>
         <input_file_ref idref="fl-e9"/>
      </object_component>
      <object_component id="oc-11e">
         <name>.debug_line</name>
         <load_address>0xdd2</load_address>
         <run_address>0xdd2</run_address>
         <size>0x8e</size>
         <input_file_ref idref="fl-e9"/>
      </object_component>
      <object_component id="oc-2a4">
         <name>.debug_line</name>
         <load_address>0xe60</load_address>
         <run_address>0xe60</run_address>
         <size>0x82</size>
         <input_file_ref idref="fl-ea"/>
      </object_component>
      <object_component id="oc-2a2">
         <name>.debug_line</name>
         <load_address>0xee2</load_address>
         <run_address>0xee2</run_address>
         <size>0x7d</size>
         <input_file_ref idref="fl-ea"/>
      </object_component>
      <object_component id="oc-207">
         <name>.debug_line</name>
         <load_address>0xf5f</load_address>
         <run_address>0xf5f</run_address>
         <size>0x95</size>
         <input_file_ref idref="fl-ea"/>
      </object_component>
      <object_component id="oc-20d">
         <name>.debug_line</name>
         <load_address>0xff4</load_address>
         <run_address>0xff4</run_address>
         <size>0xc4</size>
         <input_file_ref idref="fl-ea"/>
      </object_component>
      <object_component id="oc-13f">
         <name>.debug_line</name>
         <load_address>0x10b8</load_address>
         <run_address>0x10b8</run_address>
         <size>0x99</size>
         <input_file_ref idref="fl-ea"/>
      </object_component>
      <object_component id="oc-139">
         <name>.debug_line</name>
         <load_address>0x1151</load_address>
         <run_address>0x1151</run_address>
         <size>0xa7</size>
         <input_file_ref idref="fl-ea"/>
      </object_component>
      <object_component id="oc-2b0">
         <name>.debug_line</name>
         <load_address>0x11f8</load_address>
         <run_address>0x11f8</run_address>
         <size>0x7c</size>
         <input_file_ref idref="fl-eb"/>
      </object_component>
      <object_component id="oc-2ae">
         <name>.debug_line</name>
         <load_address>0x1274</load_address>
         <run_address>0x1274</run_address>
         <size>0x82</size>
         <input_file_ref idref="fl-eb"/>
      </object_component>
      <object_component id="oc-2e9">
         <name>.debug_line</name>
         <load_address>0x12f6</load_address>
         <run_address>0x12f6</run_address>
         <size>0x82</size>
         <input_file_ref idref="fl-eb"/>
      </object_component>
      <object_component id="oc-250">
         <name>.debug_line</name>
         <load_address>0x1378</load_address>
         <run_address>0x1378</run_address>
         <size>0xaf</size>
         <input_file_ref idref="fl-eb"/>
      </object_component>
      <object_component id="oc-16f">
         <name>.debug_line</name>
         <load_address>0x1427</load_address>
         <run_address>0x1427</run_address>
         <size>0x97</size>
         <input_file_ref idref="fl-eb"/>
      </object_component>
      <object_component id="oc-158">
         <name>.debug_line</name>
         <load_address>0x14be</load_address>
         <run_address>0x14be</run_address>
         <size>0xc2</size>
         <input_file_ref idref="fl-eb"/>
      </object_component>
      <object_component id="oc-291">
         <name>.debug_line</name>
         <load_address>0x1580</load_address>
         <run_address>0x1580</run_address>
         <size>0x13d</size>
         <input_file_ref idref="fl-ec"/>
      </object_component>
      <object_component id="oc-2a8">
         <name>.debug_line</name>
         <load_address>0x16bd</load_address>
         <run_address>0x16bd</run_address>
         <size>0x7f</size>
         <input_file_ref idref="fl-ec"/>
      </object_component>
      <object_component id="oc-127">
         <name>.debug_line</name>
         <load_address>0x173c</load_address>
         <run_address>0x173c</run_address>
         <size>0x94</size>
         <input_file_ref idref="fl-ec"/>
      </object_component>
      <object_component id="oc-12d">
         <name>.debug_line</name>
         <load_address>0x17d0</load_address>
         <run_address>0x17d0</run_address>
         <size>0xee</size>
         <input_file_ref idref="fl-ec"/>
      </object_component>
      <object_component id="oc-145">
         <name>.debug_line</name>
         <load_address>0x18be</load_address>
         <run_address>0x18be</run_address>
         <size>0x118</size>
         <input_file_ref idref="fl-ec"/>
      </object_component>
      <object_component id="oc-294">
         <name>.debug_line</name>
         <load_address>0x19d6</load_address>
         <run_address>0x19d6</run_address>
         <size>0x7f</size>
         <input_file_ref idref="fl-ec"/>
      </object_component>
      <object_component id="oc-28a">
         <name>.debug_line</name>
         <load_address>0x1a55</load_address>
         <run_address>0x1a55</run_address>
         <size>0x82</size>
         <input_file_ref idref="fl-ed"/>
      </object_component>
      <object_component id="oc-2eb">
         <name>.debug_line</name>
         <load_address>0x1ad7</load_address>
         <run_address>0x1ad7</run_address>
         <size>0x7e</size>
         <input_file_ref idref="fl-ed"/>
      </object_component>
      <object_component id="oc-2ed">
         <name>.debug_line</name>
         <load_address>0x1b55</load_address>
         <run_address>0x1b55</run_address>
         <size>0x7e</size>
         <input_file_ref idref="fl-ed"/>
      </object_component>
      <object_component id="oc-17b">
         <name>.debug_line</name>
         <load_address>0x1bd3</load_address>
         <run_address>0x1bd3</run_address>
         <size>0x9c</size>
         <input_file_ref idref="fl-ed"/>
      </object_component>
      <object_component id="oc-260">
         <name>.debug_line</name>
         <load_address>0x1c6f</load_address>
         <run_address>0x1c6f</run_address>
         <size>0xaf</size>
         <input_file_ref idref="fl-ed"/>
      </object_component>
      <object_component id="oc-187">
         <name>.debug_line</name>
         <load_address>0x1d1e</load_address>
         <run_address>0x1d1e</run_address>
         <size>0x9a</size>
         <input_file_ref idref="fl-ed"/>
      </object_component>
      <object_component id="oc-17e">
         <name>.debug_line</name>
         <load_address>0x1db8</load_address>
         <run_address>0x1db8</run_address>
         <size>0x93</size>
         <input_file_ref idref="fl-ed"/>
      </object_component>
      <object_component id="oc-110">
         <name>.debug_line</name>
         <load_address>0x1e4b</load_address>
         <run_address>0x1e4b</run_address>
         <size>0x93</size>
         <input_file_ref idref="fl-ed"/>
      </object_component>
      <object_component id="oc-18a">
         <name>.debug_line</name>
         <load_address>0x1ede</load_address>
         <run_address>0x1ede</run_address>
         <size>0x93</size>
         <input_file_ref idref="fl-ed"/>
      </object_component>
      <object_component id="oc-176">
         <name>.debug_line</name>
         <load_address>0x1f71</load_address>
         <run_address>0x1f71</run_address>
         <size>0xb7</size>
         <input_file_ref idref="fl-ed"/>
      </object_component>
      <object_component id="oc-2ac">
         <name>.debug_line</name>
         <load_address>0x2028</load_address>
         <run_address>0x2028</run_address>
         <size>0x82</size>
         <input_file_ref idref="fl-ee"/>
      </object_component>
      <object_component id="oc-2e5">
         <name>.debug_line</name>
         <load_address>0x20aa</load_address>
         <run_address>0x20aa</run_address>
         <size>0x7d</size>
         <input_file_ref idref="fl-ee"/>
      </object_component>
      <object_component id="oc-2e7">
         <name>.debug_line</name>
         <load_address>0x2127</load_address>
         <run_address>0x2127</run_address>
         <size>0x7d</size>
         <input_file_ref idref="fl-ee"/>
      </object_component>
      <object_component id="oc-24a">
         <name>.debug_line</name>
         <load_address>0x21a4</load_address>
         <run_address>0x21a4</run_address>
         <size>0xa5</size>
         <input_file_ref idref="fl-ee"/>
      </object_component>
      <object_component id="oc-22d">
         <name>.debug_line</name>
         <load_address>0x2249</load_address>
         <run_address>0x2249</run_address>
         <size>0x92</size>
         <input_file_ref idref="fl-ee"/>
      </object_component>
      <object_component id="oc-169">
         <name>.debug_line</name>
         <load_address>0x22db</load_address>
         <run_address>0x22db</run_address>
         <size>0x99</size>
         <input_file_ref idref="fl-ee"/>
      </object_component>
      <object_component id="oc-15d">
         <name>.debug_line</name>
         <load_address>0x2374</load_address>
         <run_address>0x2374</run_address>
         <size>0x92</size>
         <input_file_ref idref="fl-ee"/>
      </object_component>
      <object_component id="oc-233">
         <name>.debug_line</name>
         <load_address>0x2406</load_address>
         <run_address>0x2406</run_address>
         <size>0x92</size>
         <input_file_ref idref="fl-ee"/>
      </object_component>
      <object_component id="oc-151">
         <name>.debug_line</name>
         <load_address>0x2498</load_address>
         <run_address>0x2498</run_address>
         <size>0x92</size>
         <input_file_ref idref="fl-ee"/>
      </object_component>
      <object_component id="oc-21e">
         <name>.debug_line</name>
         <load_address>0x252a</load_address>
         <run_address>0x252a</run_address>
         <size>0x93</size>
         <input_file_ref idref="fl-ee"/>
      </object_component>
      <object_component id="oc-218">
         <name>.debug_line</name>
         <load_address>0x25bd</load_address>
         <run_address>0x25bd</run_address>
         <size>0x96</size>
         <input_file_ref idref="fl-ee"/>
      </object_component>
      <object_component id="oc-14b">
         <name>.debug_line</name>
         <load_address>0x2653</load_address>
         <run_address>0x2653</run_address>
         <size>0xb3</size>
         <input_file_ref idref="fl-ee"/>
      </object_component>
      <object_component id="oc-239">
         <name>.debug_line</name>
         <load_address>0x2706</load_address>
         <run_address>0x2706</run_address>
         <size>0x92</size>
         <input_file_ref idref="fl-ee"/>
      </object_component>
      <object_component id="oc-242">
         <name>.debug_line</name>
         <load_address>0x2798</load_address>
         <run_address>0x2798</run_address>
         <size>0x92</size>
         <input_file_ref idref="fl-ee"/>
      </object_component>
      <object_component id="oc-257">
         <name>.debug_line</name>
         <load_address>0x282a</load_address>
         <run_address>0x282a</run_address>
         <size>0x91</size>
         <input_file_ref idref="fl-ef"/>
      </object_component>
      <object_component id="oc-88">
         <name>.debug_line</name>
         <load_address>0x28bb</load_address>
         <run_address>0x28bb</run_address>
         <size>0x2e0</size>
         <input_file_ref idref="fl-f0"/>
      </object_component>
      <object_component id="oc-6c">
         <name>.debug_line</name>
         <load_address>0x2b9b</load_address>
         <run_address>0x2b9b</run_address>
         <size>0x2c</size>
         <input_file_ref idref="fl-f0"/>
      </object_component>
      <object_component id="oc-1d0">
         <name>.debug_line</name>
         <load_address>0x2bc7</load_address>
         <run_address>0x2bc7</run_address>
         <size>0x2d</size>
         <input_file_ref idref="fl-f0"/>
      </object_component>
      <object_component id="oc-1d6">
         <name>.debug_line</name>
         <load_address>0x2bf4</load_address>
         <run_address>0x2bf4</run_address>
         <size>0x3e</size>
         <input_file_ref idref="fl-f0"/>
      </object_component>
      <object_component id="oc-29c">
         <name>.debug_line</name>
         <load_address>0x2c32</load_address>
         <run_address>0x2c32</run_address>
         <size>0x49</size>
         <input_file_ref idref="fl-f0"/>
      </object_component>
      <object_component id="oc-2b5">
         <name>.debug_line</name>
         <load_address>0x2c7b</load_address>
         <run_address>0x2c7b</run_address>
         <size>0x3a</size>
         <input_file_ref idref="fl-f0"/>
      </object_component>
      <object_component id="oc-164">
         <name>.debug_line</name>
         <load_address>0x2cb5</load_address>
         <run_address>0x2cb5</run_address>
         <size>0x62</size>
         <input_file_ref idref="fl-f0"/>
      </object_component>
      <object_component id="oc-f3">
         <name>.debug_line</name>
         <load_address>0x2d17</load_address>
         <run_address>0x2d17</run_address>
         <size>0x72</size>
         <input_file_ref idref="fl-f0"/>
      </object_component>
      <object_component id="oc-cd">
         <name>.debug_line</name>
         <load_address>0x2d89</load_address>
         <run_address>0x2d89</run_address>
         <size>0xc2a</size>
         <input_file_ref idref="fl-f0"/>
      </object_component>
      <object_component id="oc-10b">
         <name>.debug_line</name>
         <load_address>0x39b3</load_address>
         <run_address>0x39b3</run_address>
         <size>0x90</size>
         <input_file_ref idref="fl-f0"/>
      </object_component>
      <object_component id="oc-134">
         <name>.debug_line</name>
         <load_address>0x3a43</load_address>
         <run_address>0x3a43</run_address>
[...]
         <name>U_in_U</name>
         <value>0x200027e8</value>
         <object_component_ref idref="oc-eb"/>
      </symbol>
      <symbol id="sm-1e2">
         <name>U_c</name>
         <value>0x20002704</value>
         <object_component_ref idref="oc-eb"/>
      </symbol>
      <symbol id="sm-1e3">
         <name>U_b</name>
         <value>0x20002700</value>
         <object_component_ref idref="oc-eb"/>
      </symbol>
      <symbol id="sm-1e4">
         <name>U_a</name>
         <value>0x200026fc</value>
         <object_component_ref idref="oc-eb"/>
      </symbol>
      <symbol id="sm-1e5">
         <name>cons_ua_b</name>
         <value>0x20002764</value>
         <object_component_ref idref="oc-eb"/>
      </symbol>
      <symbol id="sm-1e6">
         <name>Timer1AIntHandler</name>
         <value>0x471</value>
         <object_component_ref idref="oc-c8"/>
      </symbol>
      <symbol id="sm-1e7">
         <name>cons_ua_k</name>
         <value>0x2000274c</value>
         <object_component_ref idref="oc-eb"/>
      </symbol>
      <symbol id="sm-1e8">
         <name>ad_adj</name>
         <value>0x200027ac</value>
         <object_component_ref idref="oc-eb"/>
      </symbol>
      <symbol id="sm-1e9">
         <name>cons_rest_div</name>
         <value>0x20002714</value>
         <object_component_ref idref="oc-eb"/>
      </symbol>
      <symbol id="sm-1ea">
         <name>DispFloat5x8</name>
         <value>0x2431</value>
         <object_component_ref idref="oc-12f"/>
      </symbol>
      <symbol id="sm-1eb">
         <name>sqrt_2_3</name>
         <value>0x20002978</value>
         <object_component_ref idref="oc-fe"/>
      </symbol>
      <symbol id="sm-1ec">
         <name>cons_div</name>
         <value>0x2000272c</value>
         <object_component_ref idref="oc-eb"/>
      </symbol>
      <symbol id="sm-1ed">
         <name>udc</name>
         <value>0x200026ec</value>
         <object_component_ref idref="oc-eb"/>
      </symbol>
      <symbol id="sm-1ee">
         <name>__TI_zero_init_nomemset</name>
         <value>0x33ad</value>
         <object_component_ref idref="oc-47"/>
      </symbol>
      <symbol id="sm-1ef">
         <name>U_out_dq</name>
         <value>0x200027f8</value>
         <object_component_ref idref="oc-eb"/>
      </symbol>
      <symbol id="sm-1f0">
         <name>I_alpha_beta</name>
         <value>0x200027d8</value>
         <object_component_ref idref="oc-eb"/>
      </symbol>
      <symbol id="sm-1f1">
         <name>dq_kp</name>
         <value>0x20002784</value>
         <object_component_ref idref="oc-eb"/>
      </symbol>
      <symbol id="sm-1f2">
         <name>dq_ki</name>
         <value>0x20002788</value>
         <object_component_ref idref="oc-eb"/>
      </symbol>
      <symbol id="sm-1f3">
         <name>dq_kd</name>
         <value>0x2000278c</value>
         <object_component_ref idref="oc-eb"/>
      </symbol>
      <symbol id="sm-1f4">
         <name>U_abc</name>
         <value>0x20002810</value>
         <object_component_ref idref="oc-eb"/>
      </symbol>
      <symbol id="sm-1f5">
         <name>I_ad</name>
         <value>0x20002840</value>
         <object_component_ref idref="oc-eb"/>
      </symbol>
      <symbol id="sm-1f6">
         <name>U_alpha_beta_L</name>
         <value>0x20002968</value>
         <object_component_ref idref="oc-fe"/>
      </symbol>
      <symbol id="sm-1f7">
         <name>i_kp</name>
         <value>0x2000279c</value>
         <object_component_ref idref="oc-eb"/>
      </symbol>
      <symbol id="sm-1f8">
         <name>i_ki</name>
         <value>0x200027a0</value>
         <object_component_ref idref="oc-eb"/>
      </symbol>
      <symbol id="sm-1f9">
         <name>i_kd</name>
         <value>0x200027a4</value>
         <object_component_ref idref="oc-eb"/>
      </symbol>
      <symbol id="sm-1fa">
         <name>DispNumber5x8</name>
         <value>0x2399</value>
         <object_component_ref idref="oc-12f"/>
      </symbol>
      <symbol id="sm-1fb">
         <name>cons_10_24</name>
         <value>0x20002724</value>
         <object_component_ref idref="oc-eb"/>
      </symbol>
      <symbol id="sm-1fc">
         <name>cons_5_12</name>
         <value>0x20002738</value>
         <object_component_ref idref="oc-eb"/>
      </symbol>
      <symbol id="sm-1fd">
         <name>w3_final</name>
         <value>0x200026f8</value>
         <object_component_ref idref="oc-eb"/>
      </symbol>
      <symbol id="sm-1fe">
         <name>uc_k</name>
         <value>0x200026b0</value>
         <object_component_ref idref="oc-eb"/>
      </symbol>
      <symbol id="sm-1ff">
         <name>uc_b</name>
         <value>0x200026b4</value>
         <object_component_ref idref="oc-eb"/>
      </symbol>
      <symbol id="sm-200">
         <name>__TI_decompress_lzss</name>
         <value>0x2f7d</value>
         <object_component_ref idref="oc-15"/>
      </symbol>
      <symbol id="sm-201">
         <name>model_func_pointer</name>
         <value>0x20002808</value>
         <object_component_ref idref="oc-eb"/>
      </symbol>
      <symbol id="sm-202">
         <name>paremeter_group_flag</name>
         <value>0x200027bc</value>
         <object_component_ref idref="oc-eb"/>
      </symbol>
      <symbol id="sm-203">
         <name>fai</name>
         <value>0x200027b8</value>
         <object_component_ref idref="oc-eb"/>
      </symbol>
      <symbol id="sm-204">
         <name>pf_set</name>
         <value>0x200027b4</value>
         <object_component_ref idref="oc-eb"/>
      </symbol>
      <symbol id="sm-205">
         <name>I_c</name>
         <value>0x20002710</value>
         <object_component_ref idref="oc-eb"/>
      </symbol>
      <symbol id="sm-206">
         <name>I_b</name>
         <value>0x2000270c</value>
         <object_component_ref idref="oc-eb"/>
      </symbol>
      <symbol id="sm-207">
         <name>I_a</name>
         <value>0x20002708</value>
         <object_component_ref idref="oc-eb"/>
      </symbol>
      <symbol id="sm-208">
         <name>numtab</name>
         <value>0x3678</value>
         <object_component_ref idref="oc-1e6"/>
      </symbol>
      <symbol id="sm-209">
         <name>buck_kp</name>
         <value>0x20002790</value>
         <object_component_ref idref="oc-eb"/>
      </symbol>
      <symbol id="sm-20a">
         <name>buck_kd</name>
         <value>0x20002798</value>
         <object_component_ref idref="oc-eb"/>
      </symbol>
      <symbol id="sm-20b">
         <name>buck_ki</name>
         <value>0x20002794</value>
         <object_component_ref idref="oc-eb"/>
      </symbol>
      <symbol id="sm-20c">
         <name>paremeter_choose_flag</name>
         <value>0x200027c0</value>
         <object_component_ref idref="oc-eb"/>
      </symbol>
      <symbol id="sm-20d">
         <name>a_last</name>
         <value>0x200027cc</value>
         <object_component_ref idref="oc-eb"/>
      </symbol>
      <symbol id="sm-20e">
         <name>cons_511</name>
         <value>0x20002734</value>
         <object_component_ref idref="oc-eb"/>
      </symbol>
      <symbol id="sm-20f">
         <name>cons_512</name>
         <value>0x20002730</value>
         <object_component_ref idref="oc-eb"/>
      </symbol>
      <symbol id="sm-210">
         <name>U_out_alpha_beta</name>
         <value>0x200027e0</value>
         <object_component_ref idref="oc-eb"/>
      </symbol>
      <symbol id="sm-211">
         <name>paremeter</name>
         <value>0x20002938</value>
         <object_component_ref idref="oc-eb"/>
      </symbol>
      <symbol id="sm-212">
         <name>LC_flag</name>
         <value>0x20002694</value>
         <object_component_ref idref="oc-eb"/>
      </symbol>
      <symbol id="sm-213">
         <name>Timer0IntHandler</name>
         <value>0x449</value>
         <object_component_ref idref="oc-c8"/>
      </symbol>
      <symbol id="sm-214">
         <name>ic_k</name>
         <value>0x200026c8</value>
         <object_component_ref idref="oc-eb"/>
      </symbol>
      <symbol id="sm-215">
         <name>ic_b</name>
         <value>0x200026cc</value>
         <object_component_ref idref="oc-eb"/>
      </symbol>
      <symbol id="sm-216">
         <name>buffer1</name>
         <value>0x20002288</value>
         <object_component_ref idref="oc-23b"/>
      </symbol>
      <symbol id="sm-217">
         <name>buffer2</name>
         <value>0x20002488</value>
         <object_component_ref idref="oc-23b"/>
      </symbol>
      <symbol id="sm-218">
         <name>sqrt_3</name>
         <value>0x20002974</value>
         <object_component_ref idref="oc-fe"/>
      </symbol>
      <symbol id="sm-219">
         <name>cons_iqref</name>
         <value>0x2000273c</value>
         <object_component_ref idref="oc-eb"/>
      </symbol>
      <symbol id="sm-21a">
         <name>DQ_alpha_beta_L</name>
         <value>0x20002970</value>
         <object_component_ref idref="oc-fe"/>
      </symbol>
      <symbol id="sm-21b">
         <name>cons_pf_tan</name>
         <value>0x20002744</value>
         <object_component_ref idref="oc-eb"/>
      </symbol>
      <symbol id="sm-21c">
         <name>__TI_decompress_none</name>
         <value>0x34bb</value>
         <object_component_ref idref="oc-1b"/>
      </symbol>
      <symbol id="sm-21d">
         <name>_system_pre_init</name>
         <value>0x3503</value>
         <object_component_ref idref="oc-c2"/>
      </symbol>
      <symbol id="sm-21e">
         <name>w2_final</name>
         <value>0x200026f4</value>
         <object_component_ref idref="oc-eb"/>
      </symbol>
      <symbol id="sm-21f">
         <name>cons_ic_b</name>
         <value>0x20002778</value>
         <object_component_ref idref="oc-eb"/>
      </symbol>
      <symbol id="sm-220">
         <name>cons_idref</name>
         <value>0x20002740</value>
         <object_component_ref idref="oc-eb"/>
      </symbol>
      <symbol id="sm-221">
         <name>cons_ic_k</name>
         <value>0x20002760</value>
         <object_component_ref idref="oc-eb"/>
      </symbol>
      <symbol id="sm-222">
         <name>time_flag</name>
         <value>0x2000269c</value>
         <object_component_ref idref="oc-eb"/>
      </symbol>
      <symbol id="sm-24d">
         <name>ResetISR</name>
         <value>0x33c9</value>
         <object_component_ref idref="oc-2a"/>
      </symbol>
      <symbol id="sm-24e">
         <name>g_pfnVectors</name>
         <value>0x0</value>
         <object_component_ref idref="oc-12"/>
      </symbol>
      <symbol id="sm-262">
         <name>_IQ15div</name>
         <value>0x2c9d</value>
         <object_component_ref idref="oc-112"/>
      </symbol>
      <symbol id="sm-263">
         <name>_IQ20div</name>
         <value>0x2d2d</value>
         <object_component_ref idref="oc-101"/>
      </symbol>
      <symbol id="sm-26c">
         <name>_IQ20mpy</name>
         <value>0x3481</value>
         <object_component_ref idref="oc-f4"/>
      </symbol>
      <symbol id="sm-279">
         <name>_IQ20sqrt</name>
         <value>0x2ea9</value>
         <object_component_ref idref="oc-f9"/>
      </symbol>
      <symbol id="sm-27d">
         <name>isqrt_table</name>
         <value>0x1898</value>
         <object_component_ref idref="oc-1d3"/>
      </symbol>
      <symbol id="sm-294">
         <name>__aeabi_dsub</name>
         <value>0x2595</value>
         <object_component_ref idref="oc-1f3"/>
      </symbol>
      <symbol id="sm-295">
         <name>__aeabi_dadd</name>
         <value>0x259f</value>
         <object_component_ref idref="oc-1f3"/>
      </symbol>
      <symbol id="sm-2a1">
         <name>__aeabi_d2iz</name>
         <value>0x3141</value>
         <object_component_ref idref="oc-1f8"/>
      </symbol>
      <symbol id="sm-2ad">
         <name>__aeabi_f2d</name>
         <value>0x3255</value>
         <object_component_ref idref="oc-1ee"/>
      </symbol>
      <symbol id="sm-2bb">
         <name>__aeabi_ul2f</name>
         <value>0x328d</value>
         <object_component_ref idref="oc-1e9"/>
      </symbol>
      <symbol id="sm-2cb">
         <name>__aeabi_memset</name>
         <value>0x2dbf</value>
         <object_component_ref idref="oc-bc"/>
      </symbol>
      <symbol id="sm-2cc">
         <name>memset</name>
         <value>0x2dc5</value>
         <object_component_ref idref="oc-bc"/>
      </symbol>
      <symbol id="sm-2cd">
         <name>__aeabi_memset8</name>
         <value>0x2dbf</value>
         <object_component_ref idref="oc-bc"/>
      </symbol>
      <symbol id="sm-2ce">
         <name>__aeabi_memset4</name>
         <value>0x2dbf</value>
         <object_component_ref idref="oc-bc"/>
      </symbol>
      <symbol id="sm-2cf">
         <name>__aeabi_memclr8</name>
         <value>0x2dbd</value>
         <object_component_ref idref="oc-bc"/>
      </symbol>
      <symbol id="sm-2d0">
         <name>__aeabi_memclr4</name>
         <value>0x2dbd</value>
         <object_component_ref idref="oc-bc"/>
      </symbol>
      <symbol id="sm-2d1">
         <name>__aeabi_memclr</name>
         <value>0x2dbd</value>
         <object_component_ref idref="oc-bc"/>
      </symbol>
      <symbol id="sm-2e5">
         <name>__stack</name>
         <value>0x20000270</value>
         <object_component_ref idref="oc-27"/>
      </symbol>
      <symbol id="sm-2e6">
         <name>_c_int00_noargs</name>
         <value>0x332d</value>
         <object_component_ref idref="oc-59"/>
      </symbol>
      <symbol id="sm-302">
         <name>memcpy</name>
         <value>0x2c01</value>
         <object_component_ref idref="oc-3e"/>
      </symbol>
      <symbol id="sm-303">
         <name>__aeabi_memcpy</name>
         <value>0x2c01</value>
         <object_component_ref idref="oc-3e"/>
      </symbol>
      <symbol id="sm-304">
         <name>__aeabi_memcpy8</name>
         <value>0x2c01</value>
         <object_component_ref idref="oc-3e"/>
      </symbol>
      <symbol id="sm-305">
         <name>__aeabi_memcpy4</name>
         <value>0x2c01</value>
         <object_component_ref idref="oc-3e"/>
      </symbol>
      <symbol id="sm-328">
         <name>__TI_auto_init_nobinit_nopinit</name>
         <value>0x31d1</value>
         <object_component_ref idref="oc-19d"/>
      </symbol>
      <symbol id="sm-333">
         <name>C$$EXIT</name>
         <value>0x3507</value>
         <object_component_ref idref="oc-191"/>
      </symbol>
      <symbol id="sm-334">
         <name>abort</name>
         <value>0x3507</value>
         <object_component_ref idref="oc-191"/>
      </symbol>
      <symbol id="sm-363">
         <name>FPULazyStackingEnable</name>
         <value>0x3461</value>
         <object_component_ref idref="oc-117"/>
      </symbol>
      <symbol id="sm-364">
         <name>FPUEnable</name>
         <value>0x3451</value>
         <object_component_ref idref="oc-11d"/>
      </symbol>
      <symbol id="sm-39e">
         <name>GPIOPinConfigure</name>
         <value>0x30a9</value>
         <object_component_ref idref="oc-135"/>
      </symbol>
      <symbol id="sm-39f">
         <name>GPIOPinTypeUART</name>
         <value>0x3413</value>
         <object_component_ref idref="oc-13b"/>
      </symbol>
      <symbol id="sm-3a0">
         <name>GPIODirModeSet</name>
         <value>0x3361</value>
         <object_component_ref idref="oc-203"/>
      </symbol>
      <symbol id="sm-3a1">
         <name>GPIOPadConfigSet</name>
         <value>0x274d</value>
         <object_component_ref idref="oc-209"/>
      </symbol>
      <symbol id="sm-3db">
         <name>IntEnable</name>
         <value>0x2f15</value>
         <object_component_ref idref="oc-153"/>
      </symbol>
      <symbol id="sm-3dc">
         <name>IntRegister</name>
         <value>0x32c5</value>
         <object_component_ref idref="oc-24b"/>
      </symbol>
      <symbol id="sm-3dd">
         <name>g_pfnRAMVectors</name>
         <value>0x20000000</value>
         <object_component_ref idref="oc-2be"/>
      </symbol>
      <symbol id="sm-3de">
         <name>IntMasterEnable</name>
         <value>0x3471</value>
         <object_component_ref idref="oc-16b"/>
      </symbol>
      <symbol id="sm-431">
         <name>SysCtlClockSet</name>
         <value>0x2b0d</value>
         <object_component_ref idref="oc-129"/>
      </symbol>
      <symbol id="sm-432">
         <name>SysCtlDelay</name>
         <value>0x34f9</value>
         <object_component_ref idref="oc-18f"/>
      </symbol>
      <symbol id="sm-433">
         <name>SysCtlPeripheralEnable</name>
         <value>0x32f9</value>
         <object_component_ref idref="oc-123"/>
      </symbol>
      <symbol id="sm-434">
         <name>SysCtlClockGet</name>
         <value>0x29f5</value>
         <object_component_ref idref="oc-141"/>
      </symbol>
      <symbol id="sm-48f">
         <name>TimerLoadSet</name>
         <value>0x343d</value>
         <object_component_ref idref="oc-177"/>
      </symbol>
      <symbol id="sm-490">
         <name>TimerIntRegister</name>
         <value>0x33e3</value>
         <object_component_ref idref="oc-183"/>
      </symbol>
      <symbol id="sm-491">
         <name>TimerEnable</name>
         <value>0x3491</value>
         <object_component_ref idref="oc-189"/>
      </symbol>
      <symbol id="sm-492">
         <name>TimerIntEnable</name>
         <value>0x34e9</value>
         <object_component_ref idref="oc-17d"/>
      </symbol>
      <symbol id="sm-493">
         <name>TimerConfigure</name>
         <value>0x2fe5</value>
         <object_component_ref idref="oc-171"/>
      </symbol>
      <symbol id="sm-494">
         <name>TimerIntClear</name>
         <value>0x3045</value>
         <object_component_ref idref="oc-10c"/>
      </symbol>
      <symbol id="sm-50c">
         <name>UARTFIFODisable</name>
         <value>0x34d5</value>
         <object_component_ref idref="oc-14d"/>
      </symbol>
      <symbol id="sm-50d">
         <name>UARTConfigSetExpClk</name>
         <value>0x3189</value>
         <object_component_ref idref="oc-147"/>
      </symbol>
      <symbol id="sm-50e">
         <name>UARTDisable</name>
         <value>0x338d</value>
         <object_component_ref idref="oc-214"/>
      </symbol>
      <symbol id="sm-50f">
         <name>UARTIntEnable</name>
         <value>0x34f1</value>
         <object_component_ref idref="oc-159"/>
      </symbol>
      <symbol id="sm-510">
         <name>UARTCharsAvail</name>
         <value>0x34ad</value>
         <object_component_ref idref="oc-235"/>
      </symbol>
      <symbol id="sm-511">
         <name>UARTCharGetNonBlocking</name>
         <value>0x349f</value>
         <object_component_ref idref="oc-23e"/>
      </symbol>
      <symbol id="sm-512">
         <name>UARTEnable</name>
         <value>0x3429</value>
         <object_component_ref idref="oc-21a"/>
      </symbol>
      <symbol id="sm-513">
         <name>UARTIntClear</name>
         <value>0x34ff</value>
         <object_component_ref idref="oc-22f"/>
      </symbol>
      <symbol id="sm-514">
         <name>UARTIntStatus</name>
         <value>0x34df</value>
         <object_component_ref idref="oc-229"/>
      </symbol>
      <symbol id="sm-515">
         <name>UARTIntRegister</name>
         <value>0x33fb</value>
         <object_component_ref idref="oc-165"/>
      </symbol>
      <symbol id="sm-51f">
         <name>CPUcpsie</name>
         <value>0x34c9</value>
         <object_component_ref idref="oc-252"/>
      </symbol>
      <symbol id="sm-520">
         <name>__TI_static_base__</name>
         <value>0x0</value>
      </symbol>
      <symbol id="sm-523">
         <name>__mpu_init</name>
         <value>0x0</value>
      </symbol>
      <symbol id="sm-524">
         <name>_system_post_cinit</name>
         <value>0x0</value>
      </symbol>
   </symbol_table>
   <title>Link successful</title>
</link_info>
