******************************************************************************
                  TI ARM Linker PC v20.2.5                     
******************************************************************************
>> Linked Sun Jun 18 14:46:01 2023

OUTPUT FILE NAME:   <three_phase_rectification.out>
ENTRY POINT SYMBOL: "_c_int00_noargs"  address: 0000332d


MEMORY CONFIGURATION

         name            origin    length      used     unused   attr    fill
----------------------  --------  ---------  --------  --------  ----  --------
  FLASH                 00000000   00040000  0000383a  0003c7c6  R  X
  SRAM                  20000000   00008000  00002978  00005688  RW X


SEGMENT ALLOCATION MAP

run origin  load origin   length   init length attrs members
----------  ----------- ---------- ----------- ----- -------
00000000    00000000    00003848   00003848    r-x
  00000000    00000000    0000026c   0000026c    r-- .intvecs
  00000270    00000270    0000329a   0000329a    r-x .text
  00003510    00003510    00000284   00000284    r-- .const
  00003798    00003798    000000b0   000000b0    r-- .cinit
20000000    20000000    0000297c   00000000    rw-
  20000000    20000000    0000026c   00000000    rw- .vtable
  20000270    20000270    00001000   00000000    rw- .stack
  20001270    20001270    00001000   00000000    rw- .sysmem
  20002270    20002270    0000070c   00000000    rw- .data


SECTION ALLOCATION MAP

 output                                  attributes/
section   page    origin      length       input sections
--------  ----  ----------  ----------   ----------------
.intvecs   0    00000000    0000026c     
                  00000000    0000026c     tm4c123gh6pz_startup_ccs.obj (.intvecs)

.text      0    00000270    0000329a     
                  00000270    00001626     main.obj (.text)
                  00001896    00000002     --HOLE-- [fill = 0]
                  00001898    00000800     IQmathLib.lib : IQtables.obj (.text:isqrt_table)
                  00002098    000004fc     LCD12864_rom_enable.obj (.text)
                  00002594    000001b6     rtsv7M4_T_le_v4SPD16_eabi.lib : fd_add_t2.asm.obj (.text)
                  0000274a    00000002     --HOLE-- [fill = 0]
                  0000274c    0000016c     driverlib.lib : gpio.obj (.text:GPIOPadConfigSet)
                  000028b8    0000013a     bus_fpga.obj (.text)
                  000029f2    00000002     --HOLE-- [fill = 0]
                  000029f4    00000118     driverlib.lib : sysctl.obj (.text:SysCtlClockGet)
                  00002b0c    000000f4                   : sysctl.obj (.text:SysCtlClockSet)
                  00002c00    0000009c     rtsv7M4_T_le_v4SPD16_eabi.lib : memcpy_t2.asm.obj (.text)
                  00002c9c    00000090     IQmathLib.lib : IQNdiv.obj (.text:_IQ15div)
                  00002d2c    00000090                   : IQNdiv.obj (.text:_IQ20div)
                  00002dbc    0000007a     rtsv7M4_T_le_v4SPD16_eabi.lib : memset_t2.asm.obj (.text)
                  00002e36    00000002     --HOLE-- [fill = 0]
                  00002e38    00000070     IQ_TOOLS.obj (.text)
                  00002ea8    0000006c     IQmathLib.lib : IQNsqrt.obj (.text:_IQ20sqrt)
                  00002f14    00000068     driverlib.lib : interrupt.obj (.text:IntEnable)
                  00002f7c    00000068     rtsv7M4_T_le_v4SPD16_eabi.lib : copy_decompress_lzss.c.obj (.text:decompress:lzss:__TI_decompress_lzss)
                  00002fe4    00000060     driverlib.lib : timer.obj (.text:TimerConfigure)
                  00003044    00000004                   : timer.obj (.text:TimerIntClear)
                  00003048    00000060     blue.obj (.text)
                  000030a8    0000004c     driverlib.lib : gpio.obj (.text:GPIOPinConfigure)
                  000030f4    0000004c                   : timer.obj (.text:_TimerIntNumberGet)
                  00003140    00000048     rtsv7M4_T_le_v4SPD16_eabi.lib : fd_toi_t2.asm.obj (.text)
                  00003188    00000046     driverlib.lib : uart.obj (.text:UARTConfigSetExpClk)
                  000031ce    00000002     --HOLE-- [fill = 0]
                  000031d0    00000044     rtsv7M4_T_le_v4SPD16_eabi.lib : autoinit.c.obj (.text:__TI_auto_init_nobinit_nopinit:__TI_auto_init_nobinit_nopinit)
                  00003214    00000040     driverlib.lib : uart.obj (.text:_UARTIntNumberGet)
                  00003254    00000038     rtsv7M4_T_le_v4SPD16_eabi.lib : fs_tod_t2.asm.obj (.text)
                  0000328c    00000036                                   : ull_tofs_t2.asm.obj (.text)
                  000032c2    00000002     --HOLE-- [fill = 0]
                  000032c4    00000034     driverlib.lib : interrupt.obj (.text:IntRegister)
                  000032f8    00000034                   : sysctl.obj (.text:SysCtlPeripheralEnable)
                  0000332c    00000034     rtsv7M4_T_le_v4SPD16_eabi.lib : boot_cortex_m.c.obj (.text:_c_int00_noargs:_c_int00_noargs)
                  00003360    0000002c     driverlib.lib : gpio.obj (.text:GPIODirModeSet)
                  0000338c    00000020                   : uart.obj (.text:UARTDisable)
                  000033ac    0000001c     rtsv7M4_T_le_v4SPD16_eabi.lib : copy_zero_init.c.obj (.text:decompress:ZI:__TI_zero_init_nomemset:__TI_zero_init_nomemset)
                  000033c8    0000001a     tm4c123gh6pz_startup_ccs.obj (.text)
                  000033e2    00000018     driverlib.lib : timer.obj (.text:TimerIntRegister)
                  000033fa    00000018                   : uart.obj (.text:UARTIntRegister)
                  00003412    00000016                   : gpio.obj (.text:GPIOPinTypeUART)
                  00003428    00000014                   : uart.obj (.text:UARTEnable)
                  0000343c    00000012                   : timer.obj (.text:TimerLoadSet)
                  0000344e    00000002     --HOLE-- [fill = 0]
                  00003450    00000010                   : fpu.obj (.text:FPUEnable)
                  00003460    00000010                   : fpu.obj (.text:FPULazyStackingEnable)
                  00003470    00000010                   : interrupt.obj (.text:IntMasterEnable)
                  00003480    00000010     IQmathLib.lib : IQNmpy.obj (.text:_IQ20mpy)
                  00003490    0000000e     driverlib.lib : timer.obj (.text:TimerEnable)
                  0000349e    0000000e                   : uart.obj (.text:UARTCharGetNonBlocking)
                  000034ac    0000000e                   : uart.obj (.text:UARTCharsAvail)
                  000034ba    0000000e     rtsv7M4_T_le_v4SPD16_eabi.lib : copy_decompress_none.c.obj (.text:decompress:none:__TI_decompress_none)
                  000034c8    0000000c     driverlib.lib : cpu.obj (.text:CPUcpsie)
                  000034d4    0000000a                   : uart.obj (.text:UARTFIFODisable)
                  000034de    0000000a                   : uart.obj (.text:UARTIntStatus)
                  000034e8    00000008                   : timer.obj (.text:TimerIntEnable)
                  000034f0    00000008                   : uart.obj (.text:UARTIntEnable)
                  000034f8    00000006                   : sysctl.obj (.text:SysCtlDelay)
                  000034fe    00000004                   : uart.obj (.text:UARTIntClear)
                  00003502    00000004     rtsv7M4_T_le_v4SPD16_eabi.lib : pre_init.c.obj (.text:_system_pre_init)
                  00003506    00000004                                   : exit.c.obj (.text:abort:abort)

.const     0    00003510    00000284     
                  00003510    00000090     driverlib.lib : gpio.obj (.const:g_pui32GPIOBaseAddrs)
                  000035a0    0000006c                   : sysctl.obj (.const:g_pui32Xtals)
                  0000360c    00000060                   : timer.obj (.const:g_ppui32TimerIntMap)
                  0000366c    00000004     --HOLE-- [fill = 0]
                  00003670    00000050     LCD12864_rom_enable.obj (.const:$O3$$)
                  000036c0    00000040     driverlib.lib : timer.obj (.const:g_ppui32TimerIntMapSnowflake)
                  00003700    00000040                   : uart.obj (.const:g_ppui32UARTIntMap)
                  00003740    00000040                   : uart.obj (.const:g_ppui32UARTIntMapSnowflake)
                  00003780    00000014                   : interrupt.obj (.const:g_pui32EnRegs)

.cinit     0    00003798    000000b0     
                  00003798    00000087     (.cinit..data.load) [load image, compression = lzss]
                  0000381f    00000001     --HOLE-- [fill = 0]
                  00003820    0000000c     (__TI_handler_table)
                  0000382c    00000004     --HOLE-- [fill = 0]
                  00003830    00000008     (.cinit..vtable.load) [load image, compression = zero_init]
                  00003838    00000010     (__TI_cinit_table)

.init_array 
*          0    00000000    00000000     UNINITIALIZED

.vtable    0    20000000    0000026c     UNINITIALIZED
                  20000000    0000026c     driverlib.lib : interrupt.obj (.vtable)

.stack     0    20000270    00001000     UNINITIALIZED
                  20000270    00000004     rtsv7M4_T_le_v4SPD16_eabi.lib : boot_cortex_m.c.obj (.stack)
                  20000274    00000ffc     --HOLE--

.data      0    20002270    0000070c     UNINITIALIZED
                  20002270    00000418     blue.obj (.data:$O4$$)
                  20002688    000002e0     main.obj (.data:$O1$$)
                  20002968    00000014     IQ_TOOLS.obj (.data:$O2$$)

.sysmem    0    20001270    00001000     UNINITIALIZED
                  20001270    00000010     rtsv7M4_T_le_v4SPD16_eabi.lib : memory.c.obj (.sysmem)
                  20001280    00000ff0     --HOLE--

__llvm_prf_cnts 
*          0    20000000    00000000     UNINITIALIZED

MODULE SUMMARY

       Module                         code    ro data   rw data
       ------                         ----    -------   -------
    .\
       main.obj                       5670    0         736    
       tm4c123gh6pz_startup_ccs.obj   26      620       0      
    +--+------------------------------+-------+---------+---------+
       Total:                         5696    620       736    
                                                               
    .\common_tools\
       LCD12864_rom_enable.obj        1276    80        0      
       blue.obj                       96      0         1048   
       bus_fpga.obj                   314     0         0      
       IQ_TOOLS.obj                   112     0         20     
    +--+------------------------------+-------+---------+---------+
       Total:                         1798    80        1068   
                                                               
    ../IQmath/ccs/IQmathLib/Debug/IQmathLib.lib
       IQtables.obj                   0       2048      0      
       IQNdiv.obj                     288     0         0      
       IQNsqrt.obj                    108     0         0      
       IQNmpy.obj                     16      0         0      
    +--+------------------------------+-------+---------+---------+
       Total:                         412     2048      0      
                                                               
    C:/ti/TivaWare_C_Series-2.2.0.295/driverlib/ccs/Debug/driverlib.lib
       interrupt.obj                  172     20        620    
       sysctl.obj                     582     108       0      
       gpio.obj                       506     144       0      
       timer.obj                      240     160       0      
       uart.obj                       270     128       0      
       fpu.obj                        32      0         0      
       cpu.obj                        12      0         0      
    +--+------------------------------+-------+---------+---------+
       Total:                         1814    560       620    
                                                               
    C:\ti\ccs1110\ccs\tools\compiler\ti-cgt-arm_20.2.5.LTS\lib\rtsv7M4_T_le_v4SPD16_eabi.lib
       fd_add_t2.asm.obj              438     0         0      
       memcpy_t2.asm.obj              156     0         0      
       memset_t2.asm.obj              122     0         0      
       copy_decompress_lzss.c.obj     104     0         0      
       fd_toi_t2.asm.obj              72      0         0      
       autoinit.c.obj                 68      0         0      
       fs_tod_t2.asm.obj              56      0         0      
       ull_tofs_t2.asm.obj            54      0         0      
       boot_cortex_m.c.obj            52      0         0      
       copy_zero_init.c.obj           28      0         0      
       copy_decompress_none.c.obj     14      0         0      
       exit.c.obj                     4       0         0      
       pre_init.c.obj                 4       0         0      
    +--+------------------------------+-------+---------+---------+
       Total:                         1172    0         0      
                                                               
       Heap:                          0       0         4096   
       Stack:                         0       0         4096   
       Linker Generated:              0       171       0      
    +--+------------------------------+-------+---------+---------+
       Grand Total:                   10892   3479      10616  


LINKER GENERATED COPY TABLES

__TI_cinit_table @ 00003838 records: 2, size/record: 8, table size: 16
	.data: load addr=00003798, load size=00000087 bytes, run addr=20002270, run size=0000070c bytes, compression=lzss
	.vtable: load addr=00003830, load size=00000008 bytes, run addr=20000000, run size=0000026c bytes, compression=zero_init


LINKER GENERATED HANDLER TABLE

__TI_handler_table @ 00003820 records: 3, size/record: 4, table size: 12
	index: 0, handler: __TI_zero_init
	index: 1, handler: __TI_decompress_lzss
	index: 2, handler: __TI_decompress_none


GLOBAL SYMBOLS: SORTED ALPHABETICALLY BY Name 

address   name                          
-------   ----                          
00003507  C$$EXIT                       
000034c9  CPUcpsie                      
20002970  DQ_alpha_beta_L               
00002431  DispFloat5x8                  
00002399  DispNumber5x8                 
00002359  DispString5x8                 
00003451  FPUEnable                     
00003461  FPULazyStackingEnable         
00003361  GPIODirModeSet                
0000274d  GPIOPadConfigSet              
000030a9  GPIOPinConfigure              
00003413  GPIOPinTypeUART               
00002959  IORD                          
000028b9  IOWR                          
20002708  I_a                           
2000281c  I_abc                         
20002840  I_ad                          
200027d8  I_alpha_beta                  
2000296c  I_alpha_beta_L                
2000270c  I_b                           
20002710  I_c                           
200027f0  I_in_U                        
20002698  I_inverse_flag                
00002f15  IntEnable                     
00003471  IntMasterEnable               
000032c5  IntRegister                   
20002694  LC_flag                       
00000271  PID                           
00002e39  PID_Q_step                    
000033c9  ResetISR                      
000029f5  SysCtlClockGet                
00002b0d  SysCtlClockSet                
000034f9  SysCtlDelay                   
000032f9  SysCtlPeripheralEnable        
00000449  Timer0IntHandler              
00000471  Timer1AIntHandler             
00002fe5  TimerConfigure                
00003491  TimerEnable                   
00003045  TimerIntClear                 
000034e9  TimerIntEnable                
000033e3  TimerIntRegister              
0000343d  TimerLoadSet                  
00003049  UART1IntHandler               
0000349f  UARTCharGetNonBlocking        
000034ad  UARTCharsAvail                
00003189  UARTConfigSetExpClk           
0000338d  UARTDisable                   
00003429  UARTEnable                    
000034d5  UARTFIFODisable               
000034ff  UARTIntClear                  
000034f1  UARTIntEnable                 
000033fb  UARTIntRegister               
000034df  UARTIntStatus                 
200026fc  U_a                           
20002810  U_abc                         
20002834  U_ad                          
200027d0  U_alpha_beta                  
20002968  U_alpha_beta_L                
20002700  U_b                           
20002704  U_c                           
200027e8  U_in_U                        
200027e0  U_out_alpha_beta              
200027f8  U_out_dq                      
00002c9d  _IQ15div                      
00002d2d  _IQ20div                      
00003481  _IQ20mpy                      
00002ea9  _IQ20sqrt                     
20001270  __STACK_END                   
00001000  __STACK_SIZE                  
20000470  __STACK_TOP                   
00001000  __SYSMEM_SIZE                 
00003838  __TI_CINIT_Base               
00003848  __TI_CINIT_Limit              
00003820  __TI_Handler_Table_Base       
0000382c  __TI_Handler_Table_Limit      
000031d1  __TI_auto_init_nobinit_nopinit
00002f7d  __TI_decompress_lzss          
000034bb  __TI_decompress_none          
ffffffff  __TI_pprof_out_hndl           
ffffffff  __TI_prof_data_size           
ffffffff  __TI_prof_data_start          
00000000  __TI_static_base__            
000033ad  __TI_zero_init_nomemset       
00003141  __aeabi_d2iz                  
0000259f  __aeabi_dadd                  
00002595  __aeabi_dsub                  
00003255  __aeabi_f2d                   
00002dbd  __aeabi_memclr                
00002dbd  __aeabi_memclr4               
00002dbd  __aeabi_memclr8               
00002c01  __aeabi_memcpy                
00002c01  __aeabi_memcpy4               
00002c01  __aeabi_memcpy8               
00002dbf  __aeabi_memset                
00002dbf  __aeabi_memset4               
00002dbf  __aeabi_memset8               
0000328d  __aeabi_ul2f                  
ffffffff  __binit__                     
ffffffff  __c_args__                    
UNDEFED   __mpu_init                    
20000270  __stack                       
20000000  __start___llvm_prf_cnts       
20000000  __stop___llvm_prf_cnts        
0000332d  _c_int00_noargs               
20001270  _sys_memory                   
UNDEFED   _system_post_cinit            
00003503  _system_pre_init              
200027c8  a                             
200027cc  a_last                        
00002e71  abc2alpha_beta                
00003507  abort                         
200027ac  ad_adj                        
200027a8  adj                           
200027b0  alpha_set                     
ffffffff  binit                         
20002798  buck_kd                       
20002794  buck_ki                       
20002790  buck_kp                       
20002908  buck_loop                     
20002288  buffer1                       
20002488  buffer2                       
200026d0  ch1                           
200026d4  ch2                           
200026d8  ch3                           
200026dc  ch4                           
200026e0  ch5                           
200026e4  ch6                           
200026e8  ch7                           
00000879  change_IQ_par                 
20002270  charget                       
2000271c  cons_1                        
20002724  cons_10_24                    
20002720  cons_2                        
20002734  cons_511                      
20002730  cons_512                      
20002738  cons_5_12                     
2000277c  cons_65535                    
20002718  cons_ad_adj                   
20002780  cons_bus_ref                  
20002748  cons_dc_b                     
20002728  cons_dc_k                     
2000272c  cons_div                      
20002770  cons_ia_b                     
20002758  cons_ia_k                     
20002774  cons_ib_b                     
2000275c  cons_ib_k                     
20002778  cons_ic_b                     
20002760  cons_ic_k                     
20002740  cons_idref                    
2000273c  cons_iqref                    
20002744  cons_pf_tan                   
20002714  cons_rest_div                 
20002764  cons_ua_b                     
2000274c  cons_ua_k                     
20002768  cons_ub_b                     
20002750  cons_ub_k                     
2000276c  cons_uc_b                     
20002754  cons_uc_k                     
20002878  d_loop                        
00000491  doADC                         
2000278c  dq_kd                         
20002788  dq_ki                         
20002784  dq_kp                         
200027b8  fai                           
20000000  g_pfnRAMVectors               
00000000  g_pfnVectors                  
000022f1  get_and_write_5x8             
200027a4  i_kd                          
200027a0  i_ki                          
2000279c  i_kp                          
200028d8  i_loop                        
200026bc  ia_b                          
200026b8  ia_k                          
200026c4  ib_b                          
200026c0  ib_k                          
200026cc  ic_b                          
200026c8  ic_k                          
00001898  isqrt_table                   
20002688  keydat                        
00002099  lcd_write_com                 
00002149  lcd_write_data                
00003670  linetab                       
00000989  main                          
00002c01  memcpy                        
00002dc5  memset                        
2000268c  mode_flag                     
20002808  model_func_pointer            
20002274  monitorData1                  
20002278  monitorData2                  
2000227c  monitorData3                  
20002280  monitorData4                  
00003678  numtab                        
20002938  paremeter                     
200027c0  paremeter_choose_flag         
200027c4  paremeter_flag                
200027bc  paremeter_group_flag          
200027b4  pf_set                        
200028a8  q_loop                        
000007d9  rest                          
20002978  sqrt_2_3                      
20002974  sqrt_3                        
20002690  test_flag                     
20002800  theta                         
2000269c  time_flag                     
200026a4  ua_b                          
20002284  uart1_flag                    
200026ac  ub_b                          
200026a8  ub_k                          
200026a0  ubus_set                      
200026b4  uc_b                          
200026b0  uc_k                          
200026ec  udc                           
2000284c  udc_mean                      
200026f0  w1_final                      
200026f4  w2_final                      
200026f8  w3_final                      
20002828  wave                          


GLOBAL SYMBOLS: SORTED BY Symbol Address 

address   name                          
-------   ----                          
00000000  __TI_static_base__            
00000000  g_pfnVectors                  
00000271  PID                           
00000449  Timer0IntHandler              
00000471  Timer1AIntHandler             
00000491  doADC                         
000007d9  rest                          
00000879  change_IQ_par                 
00000989  main                          
00001000  __STACK_SIZE                  
00001000  __SYSMEM_SIZE                 
00001898  isqrt_table                   
00002099  lcd_write_com                 
00002149  lcd_write_data                
000022f1  get_and_write_5x8             
00002359  DispString5x8                 
00002399  DispNumber5x8                 
00002431  DispFloat5x8                  
00002595  __aeabi_dsub                  
0000259f  __aeabi_dadd                  
0000274d  GPIOPadConfigSet              
000028b9  IOWR                          
00002959  IORD                          
000029f5  SysCtlClockGet                
00002b0d  SysCtlClockSet                
00002c01  __aeabi_memcpy                
00002c01  __aeabi_memcpy4               
00002c01  __aeabi_memcpy8               
00002c01  memcpy                        
00002c9d  _IQ15div                      
00002d2d  _IQ20div                      
00002dbd  __aeabi_memclr                
00002dbd  __aeabi_memclr4               
00002dbd  __aeabi_memclr8               
00002dbf  __aeabi_memset                
00002dbf  __aeabi_memset4               
00002dbf  __aeabi_memset8               
00002dc5  memset                        
00002e39  PID_Q_step                    
00002e71  abc2alpha_beta                
00002ea9  _IQ20sqrt                     
00002f15  IntEnable                     
00002f7d  __TI_decompress_lzss          
00002fe5  TimerConfigure                
00003045  TimerIntClear                 
00003049  UART1IntHandler               
000030a9  GPIOPinConfigure              
00003141  __aeabi_d2iz                  
00003189  UARTConfigSetExpClk           
000031d1  __TI_auto_init_nobinit_nopinit
00003255  __aeabi_f2d                   
0000328d  __aeabi_ul2f                  
000032c5  IntRegister                   
000032f9  SysCtlPeripheralEnable        
0000332d  _c_int00_noargs               
00003361  GPIODirModeSet                
0000338d  UARTDisable                   
000033ad  __TI_zero_init_nomemset       
000033c9  ResetISR                      
000033e3  TimerIntRegister              
000033fb  UARTIntRegister               
00003413  GPIOPinTypeUART               
00003429  UARTEnable                    
0000343d  TimerLoadSet                  
00003451  FPUEnable                     
00003461  FPULazyStackingEnable         
00003471  IntMasterEnable               
00003481  _IQ20mpy                      
00003491  TimerEnable                   
0000349f  UARTCharGetNonBlocking        
000034ad  UARTCharsAvail                
000034bb  __TI_decompress_none          
000034c9  CPUcpsie                      
000034d5  UARTFIFODisable               
000034df  UARTIntStatus                 
000034e9  TimerIntEnable                
000034f1  UARTIntEnable                 
000034f9  SysCtlDelay                   
000034ff  UARTIntClear                  
00003503  _system_pre_init              
00003507  C$$EXIT                       
00003507  abort                         
00003670  linetab                       
00003678  numtab                        
00003820  __TI_Handler_Table_Base       
0000382c  __TI_Handler_Table_Limit      
00003838  __TI_CINIT_Base               
00003848  __TI_CINIT_Limit              
20000000  __start___llvm_prf_cnts       
20000000  __stop___llvm_prf_cnts        
20000000  g_pfnRAMVectors               
20000270  __stack                       
20000470  __STACK_TOP                   
20001270  __STACK_END                   
20001270  _sys_memory                   
20002270  charget                       
20002274  monitorData1                  
20002278  monitorData2                  
2000227c  monitorData3                  
20002280  monitorData4                  
20002284  uart1_flag                    
20002288  buffer1                       
20002488  buffer2                       
20002688  keydat                        
2000268c  mode_flag                     
20002690  test_flag                     
20002694  LC_flag                       
20002698  I_inverse_flag                
2000269c  time_flag                     
200026a0  ubus_set                      
200026a4  ua_b                          
200026a8  ub_k                          
200026ac  ub_b                          
200026b0  uc_k                          
200026b4  uc_b                          
200026b8  ia_k                          
200026bc  ia_b                          
200026c0  ib_k                          
200026c4  ib_b                          
200026c8  ic_k                          
200026cc  ic_b                          
200026d0  ch1                           
200026d4  ch2                           
200026d8  ch3                           
200026dc  ch4                           
200026e0  ch5                           
200026e4  ch6                           
200026e8  ch7                           
200026ec  udc                           
200026f0  w1_final                      
200026f4  w2_final                      
200026f8  w3_final                      
200026fc  U_a                           
20002700  U_b                           
20002704  U_c                           
20002708  I_a                           
2000270c  I_b                           
20002710  I_c                           
20002714  cons_rest_div                 
20002718  cons_ad_adj                   
2000271c  cons_1                        
20002720  cons_2                        
20002724  cons_10_24                    
20002728  cons_dc_k                     
2000272c  cons_div                      
20002730  cons_512                      
20002734  cons_511                      
20002738  cons_5_12                     
2000273c  cons_iqref                    
20002740  cons_idref                    
20002744  cons_pf_tan                   
20002748  cons_dc_b                     
2000274c  cons_ua_k                     
20002750  cons_ub_k                     
20002754  cons_uc_k                     
20002758  cons_ia_k                     
2000275c  cons_ib_k                     
20002760  cons_ic_k                     
20002764  cons_ua_b                     
20002768  cons_ub_b                     
2000276c  cons_uc_b                     
20002770  cons_ia_b                     
20002774  cons_ib_b                     
20002778  cons_ic_b                     
2000277c  cons_65535                    
20002780  cons_bus_ref                  
20002784  dq_kp                         
20002788  dq_ki                         
2000278c  dq_kd                         
20002790  buck_kp                       
20002794  buck_ki                       
20002798  buck_kd                       
2000279c  i_kp                          
200027a0  i_ki                          
200027a4  i_kd                          
200027a8  adj                           
200027ac  ad_adj                        
200027b0  alpha_set                     
200027b4  pf_set                        
200027b8  fai                           
200027bc  paremeter_group_flag          
200027c0  paremeter_choose_flag         
200027c4  paremeter_flag                
200027c8  a                             
200027cc  a_last                        
200027d0  U_alpha_beta                  
200027d8  I_alpha_beta                  
200027e0  U_out_alpha_beta              
200027e8  U_in_U                        
200027f0  I_in_U                        
200027f8  U_out_dq                      
20002800  theta                         
20002808  model_func_pointer            
20002810  U_abc                         
2000281c  I_abc                         
20002828  wave                          
20002834  U_ad                          
20002840  I_ad                          
2000284c  udc_mean                      
20002878  d_loop                        
200028a8  q_loop                        
200028d8  i_loop                        
20002908  buck_loop                     
20002938  paremeter                     
20002968  U_alpha_beta_L                
2000296c  I_alpha_beta_L                
20002970  DQ_alpha_beta_L               
20002974  sqrt_3                        
20002978  sqrt_2_3                      
ffffffff  __TI_pprof_out_hndl           
ffffffff  __TI_prof_data_size           
ffffffff  __TI_prof_data_start          
ffffffff  __binit__                     
ffffffff  __c_args__                    
ffffffff  binit                         
UNDEFED   __mpu_init                    
UNDEFED   _system_post_cinit            

[217 symbols]
